******************************************************************************
               TMS320C6x Linker Unix v7.3.4                    
******************************************************************************
>> Linked Wed Jun 10 17:01:24 2015

OUTPUT FILE NAME:   <bin/server.xe674>
ENTRY POINT SYMBOL: "ti_sysbios_family_c64p_Hwi0"  address: f80dd800


MEMORY CONFIGURATION

         name            origin    length      used     unused   attr    fill
----------------------  --------  ---------  --------  --------  ----  --------
  IRAM                  10800000   00020000  0000c000  00014000  RW X
  OCMC                  40300000   00020000  00000000  00020000  RW X
  DDR3_HOST             80000000   16c00000  00000000  16c00000  RWIX
  DDR3_SR1              99400000   00100000  00000000  00100000  RWIX
  DDR3_SR0              9f700000   00200000  00200000  00000000  RWIX
  DDRALGHEAP            f0000000   08000000  08000000  00000000  RWIX
  DDR3                  f8000000   08000000  000dddac  07f22254  RWIX


SEGMENT ALLOCATION MAP

run origin  load origin   length   init length attrs members
----------  ----------- ---------- ----------- ----- -------
10800000    10800000    0000c000   00000000    rw-
  10800000    10800000    0000c000   00000000    rw- .INT_HEAP
f0000000    f0000000    08000000   00000000    rw-
  f0000000    f0000000    08000000   00000000    rw- .EXTALG_HEAP
f8000000    f8000000    000a0b60   000a0b60    r-x
  f8000000    f8000000    000a0b60   000a0b60    r-x .text
f80a0b60    f80a0b60    00020000   00000000    rw-
  f80a0b60    f80a0b60    00020000   00000000    rw- .EXT_HEAP
f80c0b60    f80c0b60    00010a76   00010a76    r--
  f80c0b60    f80c0b60    00010a76   00010a76    r-- .const
f80d15d8    f80d15d8    00009468   00000000    rw-
  f80d15d8    f80d15d8    00009468   00000000    rw- .far
f80daa40    f80daa40    00001aa2   00001aa2    rw-
  f80daa40    f80daa40    00001aa2   00001aa2    rw- .fardata
f80dc4e8    f80dc4e8    00001000   00000000    rw-
  f80dc4e8    f80dc4e8    00001000   00000000    rw- .stack
f80dd4e8    f80dd4e8    00000314   00000314    r--
  f80dd4e8    f80dd4e8    00000314   00000314    r-- .switch.1
f80dd800    f80dd800    000002b0   000002b0    r-x
  f80dd800    f80dd800    00000200   00000200    r-x .vecs
  f80dda00    f80dda00    000000b0   000000b0    r-- .switch.2
f80ddab0    f80ddab0    00000008   00000000    rw-
  f80ddab0    f80ddab0    00000008   00000000    rw- .bss
f80ddab8    f80ddab8    000002cc   000001ac    rw-
  f80ddab8    f80ddab8    000001ac   000001ac    rw- .neardata
  f80ddc64    f80ddc64    00000120   00000000    rw- .cio
f80de000    f80de000    00000034   00000034    r--
  f80de000    f80de000    00000034   00000034    r-- ti_sdo_ipc_init


SECTION ALLOCATION MAP

 output                                  attributes/
section   page    origin      length       input sections
--------  ----  ----------  ----------   ----------------
.cinit     0    f8000000    00000000     UNINITIALIZED

.init_array 
*          0    f8000000    00000000     UNINITIALIZED

.INT_HEAP 
*          0    10800000    0000c000     UNINITIALIZED
                  10800000    0000c000     server_pe674.oe674 (.INT_HEAP)

ti.sdo.ipc.SharedRegion_0 
*          0    9f700000    00200000     NOLOAD SECTION
                  9f700000    00200000     --HOLE--

.EXTALG_HEAP 
*          0    f0000000    08000000     UNINITIALIZED
                  f0000000    08000000     server_pe674.oe674 (.EXTALG_HEAP)

xdc.meta   0    f8000000    000000e8     COPY SECTION
                  f8000000    000000e8     server_pe674.oe674 (xdc.meta)

.text      0    f8000000    000a0b60     
                  f8000000    00051a80     vrmcodec.ae674 : vipimageconverterfunctions.oe674 (.text)
                  f8051a80    000011a0     ipc.lib : Ipc.obj (.text:ti_sdo_ipc_GateMP_Instance_init__F)
                  f8052c20    00000f60     dskt2.ae674 : dskt2crea.oe674 (.text:DSKT2_createAlg3)
                  f8053b80    00000f20                 : dskt2_scratch.oe674 (.text:_DSKT2_assignInstanceMemory)
                  f8054aa0    00000f00     ce.ae674 : Engine.oe674 (.text:Engine_initFromServer)
                  f80559a0    00000c40              : visa.oe674 (.text:VISA_create2)
                  f80565e0    00000c20     rman.ae674 : rman.oe674 (.text:RMAN_assignResources)
                  f8057200    00000b60     ipc.lib : Ipc.obj (.text:Ipc_attach)
                  f8057d60    00000aa0             : Ipc.obj (.text:ti_sdo_ipc_heaps_HeapMemMP_alloc__E)
                  f8058800    000009e0             : Ipc.obj (.text:ti_sdo_ipc_heaps_HeapMemMP_free__E)
                  f80591e0    000009a0     ti.targets.rts6000.ae674 : System.oe674 (.text:xdc_runtime_System_doPrint__I)
                  f8059b80    00000920     ipc.lib : Ipc.obj (.text:Ipc_detach)
                  f805a4a0    00000920             : Ipc.obj (.text:ti_sdo_ipc_transports_TransportShm_Instance_init__F)
                  f805adc0    000008c0             : Ipc.obj (.text:ti_sdo_ipc_ListMP_Instance_init__F)
                  f805b680    00000880             : Ipc.obj (.text:ti_sdo_ipc_GateMP_Instance_finalize__F)
                  f805bf00    00000860     rman.ae674 : rman.oe674 (.text:RMAN_register)
                  f805c760    00000860     dskt2.ae674 : dskt2_scratch.oe674 (.text:_DSKT2_initializeAndUseSharedScratch)
                  f805cfc0    00000840     ce.ae674 : Engine.oe674 (.text:Engine_createNode2)
                  f805d800    00000840     ipc.lib : Ipc.obj (.text:MessageQ_put)
                  f805e040    00000820     rman.ae674 : rman.oe674 (.text:RMAN_freeResources)
                  f805e860    000007e0     ipc.lib : Ipc.obj (.text:ti_sdo_ipc_heaps_HeapBufMP_Instance_init__F)
                  f805f040    000007e0             : Ipc.obj (.text:ti_sdo_ipc_heaps_HeapBufMP_postInit__I)
                  f805f820    00000780     rman.ae674 : rman.oe674 (.text:RMAN_init)
                  f805ffa0    00000780     sysbios.lib : BIOS.obj (.text:ti_sysbios_family_c64p_Exception_handler__I)
                  f8060720    00000760     ipc.lib : Ipc.obj (.text:ti_sdo_ipc_heaps_HeapMemMP_Instance_init__F)
                  f8060e80    00000740     ce.ae674 : Engine.oe674 (.text:rmsInit)
                  f80615c0    000006e0     ipc.lib : Ipc.obj (.text:Notify_sendEvent)
                  f8061ca0    000006c0     ce.ae674 : Engine.oe674 (.text:addEngineToList)
                  f8062360    000006a0     ipc.lib : Ipc.obj (.text:NameServer_add)
                  f8062a00    000006a0             : Ipc.obj (.text:ti_sdo_ipc_nsremote_NameServerRemoteNotify_Instance_init__F)
                  f80630a0    00000680     ipc_bios.ae674 : Processor_noOS.oe674 (.text:procCreate)
                  f8063720    00000660     sysbios.lib : BIOS.obj (.text:ti_sysbios_heaps_HeapMem_free__E)
                  f8063d80    00000620     ce.ae674 : Engine.oe674 (.text:Engine_removeAlg)
                  f80643a0    00000620     sysbios.lib : BIOS.obj (.text:ti_sysbios_heaps_HeapMem_alloc__E)
                  f80649c0    00000600     ipc.lib : Ipc.obj (.text:ti_sdo_ipc_SharedRegion_start__F)
                  f8064fc0    000005e0             : Ipc.obj (.text:Notify_registerEventSingle)
                  f80655a0    000005e0             : Ipc.obj (.text:Notify_unregisterEventSingle)
                  f8065b80    000005c0             : Ipc.obj (.text:ListMP_getHead)
                  f8066140    000005c0     rts6740_elf.lib : _printfi.obj (.text:_getarg_diouxp)
                  f8066700    000005a0                     : divd.obj (.text:__c6xabi_divd)
                  f8066ca0    00000580     dskt2.ae674 : dskt2_scratch.oe674 (.text:_DSKT2_init)
                  f8067220    00000580     ipc.lib : Ipc.obj (.text:ti_sdo_ipc_transports_TransportShm_put__E)
                  f80677a0    00000560             : Ipc.obj (.text:MessageQ_free)
                  f8067d00    00000560             : Ipc.obj (.text:NameServer_get)
                  f8068260    00000540             : Ipc.obj (.text:ti_sdo_ipc_Ipc_procSyncStart__I)
                  f80687a0    00000540             : Ipc.obj (.text:ti_sdo_ipc_nsremote_NameServerRemoteNotify_get__F)
                  f8068ce0    00000520     ce.ae674 : Engine.oe674 (.text:Engine_init)
                  f8069200    00000520     sysbios.lib : BIOS.obj (.text:ti_sysbios_utils_Load_update__E)
                  f8069720    00000500     ce.ae674 : Engine.oe674 (.text:Engine_fwriteTrace)
                  f8069c20    00000500     ipc.lib : Ipc.obj (.text:ti_sdo_ipc_notifyDrivers_NotifyDriverShm_Instance_init__F)
                  f806a120    00000500     sysbios.lib : BIOS.obj (.text:ti_sysbios_knl_Task_Instance_finalize__F)
                  f806a620    000004a0     dskt2.ae674 : dskt2free.oe674 (.text:DSKT2_freeAlg)
                  f806aac0    000004a0     ipc.lib : Ipc.obj (.text:HeapBufMP_sharedMemReq)
                  f806af60    000004a0             : Ipc.obj (.text:ti_sdo_ipc_gates_GatePeterson_Instance_init__F)
                  f806b400    00000480     Algorithm_BIOS.ae674 : Algorithm_BIOS.oe674 (.text:Algorithm_create)
                  f806b880    00000480     rts6740_elf.lib : _printfi.obj (.text:_setfield)
                  f806bd00    00000480     ipc.lib : Ipc.obj (.text:ti_sdo_ipc_GateMP_setRegion0Reserved__F)
                  f806c180    00000480             : Ipc.obj (.text:ti_sdo_ipc_nsremote_NameServerRemoteNotify_swiFxn__I)
                  f806c600    00000480     sysbios.lib : BIOS.obj (.text:ti_sysbios_knl_Task_Module_startup__F)
                  f806ca80    00000480                 : BIOS.obj (.text:ti_sysbios_utils_Load_logLoads__I)
                  f806cf00    00000460     ipc.lib : Ipc.obj (.text:ListMP_putTail)
                  f806d360    00000460     rts6740_elf.lib : _printfi.obj (.text:_printfi)
                  f806d7c0    00000460     ipc.lib : Ipc.obj (.text:ti_sdo_ipc_Ipc_procSyncFinish__I)
                  f806dc20    00000440     imgenc1.ae674 : imgenc1.oe674 (.text:IMGENC1_control)
                  f806e060    00000440     ce.ae674 : rms.oe674 (.text:getAlg)
                  f806e4a0    00000440     ipc.lib : Ipc.obj (.text:ti_sdo_ipc_MessageQ_Instance_init__F)
                  f806e8e0    00000440             : Ipc.obj (.text:ti_sdo_ipc_heaps_HeapMemMP_getStats__E)
                  f806ed20    00000420     ce.ae674 : Engine.oe674 (.text:Engine_open)
                  f806f140    00000420     rman.ae674 : rman.oe674 (.text:RMAN_exit)
                  f806f560    00000420     ipc.lib : Ipc.obj (.text:ti_sdo_ipc_heaps_HeapMemMP_postInit__I)
                  f806f980    00000400             : Ipc.obj (.text:ti_sdo_ipc_Notify_Instance_init__F)
                  f806fd80    00000400     sysbios.lib : BIOS.obj (.text:ti_sysbios_knl_Semaphore_pend__E)
                  f8070180    000003e0     dskt2.ae674 : dskt2actv.oe674 (.text:DSKT2_activateAlg)
                  f8070560    000003e0     ce.ae674 : Engine.oe674 (.text:rserverOpen)
                  f8070940    000003e0     sysbios.lib : BIOS.obj (.text:ti_sysbios_knl_Task_Instance_init__F)
                  f8070d20    000003c0     ipc.lib : Ipc.obj (.text:ti_sdo_ipc_SharedRegion_reserveMemory__F)
                  f80710e0    000003c0     sysbios.lib : BIOS.obj (.text:ti_sysbios_knl_Task_setPri__E)
                  f80714a0    000003a0     dskt2.ae674 : dskt2_yield.oe674 (.text:DSKT2_contextRelease)
                  f8071840    000003a0     osal.ae674 : Memory_BIOS.oe674 (.text:ti_sdo_ce_osal_Memory_init)
                  f8071be0    00000380     dskt2.ae674 : dskt2_yield.oe674 (.text:DSKT2_contextAcquire)
                  f8071f60    00000380     ipc.lib : Ipc.obj (.text:HeapMemMP_sharedMemReq)
                  f80722e0    00000380             : Ipc.obj (.text:MessageQ_alloc)
                  f8072660    00000380     ce.ae674 : rms.oe674 (.text:redefineHeap)
                  f80729e0    00000380     sysbios.lib : BIOS.obj (.text:ti_sysbios_timers_dmtimer_Timer_checkFreq__I)
                  f8072d60    00000380     ti.targets.rts6000.ae674 : Diags.oe674 (.text:xdc_runtime_Diags_setMask__F)
                  f80730e0    00000360     server_pe674.oe674 (.text:CERuntime_init)
                  f8073440    00000360     ce.ae674 : rms.oe674 (.text:createNode)
                  f80737a0    00000360     ipc.lib : Ipc.obj (.text:ti_sdo_ipc_family_ti81xx_InterruptDsp_intRegister__E)
                  f8073b00    00000340     ce.ae674 : Engine.oe674 (.text:Engine_setTrace)
                  f8073e40    00000340     ipc.lib : Ipc.obj (.text:GateMP_sharedMemReq)
                  f8074180    00000340     imgenc1.ae674 : imgenc1.oe674 (.text:IMGENC1_process)
                  f80744c0    00000340     node.ae674 : node_exec.oe674 (.text:NODE_EXECFXN)
                  f8074800    00000340     ce.ae674 : visa.oe674 (.text:VISA_delete)
                  f8074b40    00000340              : Engine.oe674 (.text:cleanup)
                  f8074e80    00000320     dskt2.ae674 : dskt2dact.oe674 (.text:DSKT2_deactivateAlg)
                  f80751a0    00000320     ce.ae674 : Engine.oe674 (.text:Engine_getNumServerAlgs)
                  f80754c0    00000320     XdmUtils.ae674 : XdmUtils.oe674 (.text:XdmUtils_validateSparseBufDesc1)
                  f80757e0    00000320     dskt2.ae674 : dskt2_scratch.oe674 (.text:_DSKT2_dequeueMemTab)
                  f8075b00    00000320                 : dskt2_scratch.oe674 (.text:_DSKT2_enqueueMemTab)
                  f8075e20    00000300     ipc.lib : Ipc.obj (.text:GateMP_openByAddr)
                  f8076120    00000300     sysbios.lib : BIOS.obj (.text:deviceConfig$46)
                  f8076420    00000300     rts6740_elf.lib : fputs.obj (.text:fputs)
                  f8076720    00000300     ipc_bios.ae674 : Processor_noOS.oe674 (.text:procDelete)
                  f8076a20    00000300     ipc.lib : Ipc.obj (.text:ti_sdo_ipc_gates_GateHWSpinlock_Instance_init__F)
                  f8076d20    00000300             : Ipc.obj (.text:ti_sdo_ipc_nsremote_NameServerRemoteNotify_attach__E)
                  f8077020    00000300             : Ipc.obj (.text:ti_sdo_ipc_transports_TransportShm_openByAddr__F)
                  f8077320    00000300     sysbios.lib : BIOS.obj (.text:ti_sysbios_family_c64p_Hwi_dispatchC__I)
                  f8077620    000002e0     ipc.lib : Ipc.obj (.text:SharedRegion_getEntry)
                  f8077900    000002e0             : Ipc.obj (.text:SharedRegion_getPtr)
                  f8077be0    000002e0     rts6740_elf.lib : _printfi.obj (.text:_pproc_fwp)
                  f8077ec0    000002e0     ce.ae674 : rms.oe674 (.text:processRmsCmd)
                  f80781a0    000002e0     ipc.lib : Ipc.obj (.text:ti_sdo_ipc_heaps_HeapBufMP_free__E)
                  f8078480    000002e0     sysbios.lib : BIOS.obj (.text:ti_sysbios_gates_GateMutexPri_enter__E)
                  f8078760    000002c0     dskt2.ae674 : dskt2dact.oe674 (.text:DSKT2_deactivateAll)
                  f8078a20    000002c0     ipc.lib : Ipc.obj (.text:Ipc_writeConfig)
                  f8078ce0    000002c0             : Ipc.obj (.text:MessageQ_open)
                  f8078fa0    000002c0     ipc_bios.ae674 : Processor_noOS.oe674 (.text:Processor_create)
                  f8079260    000002c0     rts6740_elf.lib : _printfi.obj (.text:_pproc_fge)
                  f8079520    000002c0     ce.ae674 : Engine.oe674 (.text:rserverDetach)
                  f80797e0    000002c0     ipc.lib : Ipc.obj (.text:ti_sdo_ipc_notifyDrivers_NotifyDriverShm_isr__I)
                  f8079aa0    000002a0     Algorithm_BIOS.ae674 : Algorithm_BIOS.oe674 (.text:Algorithm_delete)
                  f8079d40    000002a0     ipc.lib : Ipc.obj (.text:Ipc_start)
                  f8079fe0    000002a0             : Ipc.obj (.text:MessageQ_staticMsgInit)
                  f807a280    000002a0             : Ipc.obj (.text:NameServer_getLocal)
                  f807a520    000002a0     ce.ae674 : rms.oe674 (.text:RMS_init)
                  f807a7c0    000002a0     imgenc1.ae674 : imgenc1_skel.oe674 (.text:call)
                  f807aa60    000002a0     rts6740_elf.lib : _printfi.obj (.text:ecvt)
                  f807ad00    000002a0                     : _printfi.obj (.text:fcvt)
                  f807afa0    000002a0     ce.ae674 : Engine.oe674 (.text:freeServerTab)
                  f807b240    000002a0              : Engine.oe674 (.text:getAlgDesc)
                  f807b4e0    000002a0     ipc.lib : Ipc.obj (.text:ti_sdo_ipc_heaps_HeapBufMP_Instance_finalize__F)
                  f807b780    000002a0     sysbios.lib : BIOS.obj (.text:ti_sysbios_knl_Clock_Instance_init__F)
                  f807ba20    000002a0                 : BIOS.obj (.text:ti_sysbios_knl_Clock_workFunc__E)
                  f807bcc0    000002a0                 : BIOS.obj (.text:ti_sysbios_timers_dmtimer_Timer_setPeriodMicroSecs__E)
                  f807bf60    000002a0     vrmcodec.ae674 : viptypes.oe674 (.text)
                  f807c200    00000280     dskt2.ae674 : dskt2_scratch.oe674 (.text:DSKT2_allocPersistent)
                  f807c480    00000280                 : dskt2_scratch.oe674 (.text:DSKT2_freePersistent)
                  f807c700    00000280                 : dskt2_scratch.oe674 (.text:DSKT2_getMemRecs)
                  f807c980    00000280     node.ae674 : node_dele.oe674 (.text:NODE_delete)
                  f807cc00    00000280     ipc.lib : Ipc.obj (.text:SharedRegion_getSRPtr)
                  f807ce80    00000280     dskt2.ae674 : dskt2_scratch.oe674 (.text:_DSKT2_allocateInInternal)
                  f807d100    00000280                 : dskt2_scratch.oe674 (.text:_DSKT2_decrScratchReferenceCount)
                  f807d380    00000280                 : dskt2_scratch.oe674 (.text:_DSKT2_getScratchRequestInfo)
                  f807d600    00000280     sysbios.lib : BIOS.obj (.text:ti_sysbios_family_c64p_Cache_Module_startup__F)
                  f807d880    00000280                 : BIOS.obj (.text:ti_sysbios_knl_Task_exit__E)
                  f807db00    00000280     ti.targets.rts6000.ae674 : Core-mem.oe674 (.text:xdc_runtime_Core_createObject__I)
                  f807dd80    00000280                              : Error.oe674 (.text:xdc_runtime_Error_raiseX__F)
                  f807e000    00000280     server_pe674.oe674 (.text:xdc_runtime_System_printfExtend__I)
                  f807e280    00000260     cesettings.ae674 : CESettings.oe674 (.text:CESettings_getDiags)
                  f807e4e0    00000260     fcsettings.ae674 : FCSettings.oe674 (.text:FCSettings_getDiags)
                  f807e740    00000260     ipc.lib : Ipc.obj (.text:ListMP_sharedMemReq)
                  f807e9a0    00000260     node.ae674 : node_crea.oe674 (.text:NODE_create)
                  f807ec00    00000260     XdmUtils.ae674 : XdmUtils.oe674 (.text:XdmUtils_validateExtendedStruct)
                  f807ee60    00000260     rts6740_elf.lib : imath64.obj (.text:__c6xabi_divull)
                  f807f0c0    00000260                     : _printfi.obj (.text:_pconv_e)
                  f807f320    00000260     ce.ae674 : Engine.oe674 (.text:getServerKey)
                  f807f580    00000260     osal.ae674 : Memory_BIOS.oe674 (.text:ti_sdo_ce_osal_Memory_redefine)
                  f807f7e0    00000260     ipc.lib : Ipc.obj (.text:ti_sdo_ipc_ListMP_Instance_finalize__F)
                  f807fa40    00000260             : Ipc.obj (.text:ti_sdo_ipc_heaps_HeapMemMP_Instance_finalize__F)
                  f807fca0    00000260             : Ipc.obj (.text:ti_sdo_ipc_notifyDrivers_NotifyDriverShm_disableEvent__E)
                  f807ff00    00000260             : Ipc.obj (.text:ti_sdo_ipc_notifyDrivers_NotifyDriverShm_sharedMemReq__F)
                  f8080160    00000260             : Ipc.obj (.text:ti_sdo_ipc_transports_TransportShmSetup_attach__E)
                  f80803c0    00000260     ti.targets.rts6000.ae674 : Startup.oe674 (.text:xdc_runtime_Startup_startMods__I)
                  f8080620    00000240     dskt2.ae674 : dskt2_yield.oe674 (.text:DSKT2_yield)
                  f8080860    00000240     osal.ae674 : Global_BIOS.oe674 (.text:Global_init)
                  f8080aa0    00000240     imgenc1.ae674 : imgenc1.oe674 (.text:IMGENC1_create)
                  f8080ce0    00000240     rman.ae674 : rman.oe674 (.text:RMAN_activateAllResources)
                  f8080f20    00000240                : rman.oe674 (.text:RMAN_deactivateAllResources)
                  f8081160    00000240     dskt2.ae674 : dskt2free.oe674 (.text:_DSKT2_exit)
                  f80813a0    00000240     rts6740_elf.lib : _printfi.obj (.text:_pproc_diouxp)
                  f80815e0    00000240     vrmcodec.ae674 : vrmcodec.oe674 (.text:algProcess)
                  f8081820    00000240     ce.ae674 : rms.oe674 (.text:mkInst)
                  f8081a60    00000240     ipc.lib : Ipc.obj (.text:ti_sdo_ipc_MessageQ_Instance_finalize__F)
                  f8081ca0    00000240     sysbios.lib : BIOS.obj (.text:ti_sysbios_family_c64p_Exception_internalHandler__I)
                  f8081ee0    00000240                 : BIOS.obj (.text:ti_sysbios_utils_Load_taskDeleteHook__E)
                  f8082120    00000240                 : BIOS.obj (.text:ti_sysbios_xdcruntime_ThreadSupport_Instance_init__F)
                  f8082360    00000220     ce.ae674 : Engine.oe674 (.text:Engine_deleteNode)
                  f8082580    00000220     ipc.lib : Ipc.obj (.text:MessageQ_get)
                  f80827a0    00000220             : Ipc.obj (.text:MultiProc_getId)
                  f80829c0    00000220     ce.ae674 : Server.oe674 (.text:Server_init)
                  f8082be0    00000220     dskt2.ae674 : dskt2_scratch.oe674 (.text:_DSKT2_allocateFromSharedScratch)
                  f8082e00    00000220                 : dskt2_scratch.oe674 (.text:_DSKT2_isSharedScratchAddr)
                  f8083020    00000220     rts6740_elf.lib : _printfi.obj (.text:_pproc_str)
                  f8083240    00000220     ipc.lib : Ipc.obj (.text:ti_sdo_ipc_GateMP_start__F)
                  f8083460    00000220             : Ipc.obj (.text:ti_sdo_ipc_transports_TransportShm_Instance_finalize__F)
                  f8083680    00000220     sysbios.lib : BIOS.obj (.text:ti_sysbios_knl_Swi_run__I)
                  f80838a0    00000220                 : BIOS.obj (.text:ti_sysbios_knl_Task_schedule__I)
                  f8083ac0    00000220                 : BIOS.obj (.text:ti_sysbios_knl_Task_startup__E)
                  f8083ce0    00000200     ce.ae674 : Engine.oe674 (.text:Engine_close)
                  f8083ee0    00000200     ipc.lib : Ipc.obj (.text:GateMP_enter)
                  f80840e0    00000200             : Ipc.obj (.text:GateMP_leave)
                  f80842e0    00000200             : Ipc.obj (.text:ListMP_openByAddr)
                  f80844e0    00000200     rts6740_elf.lib : _printfi.obj (.text:_pconv_g)
                  f80846e0    00000200     sysbios.lib : c64p_Hwi_disp_always.obj (.text:_ti_sysbios_family_c64p_Hwi_dispatchAlways)
                  f80848e0    00000200                 : BIOS.obj (.text:block$55)
                  f8084ae0    00000200     ipc.lib : Ipc.obj (.text:ti_sdo_ipc_notifyDrivers_NotifyDriverShm_sendEvent__E)
                  f8084ce0    00000200     sysbios.lib : BIOS.obj (.text:ti_sysbios_family_c64p_Hwi_reconfig__E)
                  f8084ee0    00000200                 : BIOS.obj (.text:ti_sysbios_timers_dmtimer_Timer_startup__E)
                  f80850e0    000001e0     cesettings.ae674 : CESettings.oe674 (.text:CESettings_setDiags)
                  f80852c0    000001e0     fcsettings.ae674 : FCSettings.oe674 (.text:FCSettings_setDiags)
                  f80854a0    000001e0     nullres.ae674 : iresman_nullres.oe674 (.text:IRESMAN_NULLRES_getHandles)
                  f8085680    000001e0     dskt2.ae674 : dskt2_scratch.oe674 (.text:_DSKT2_allocateInDesignatedSpace)
                  f8085860    000001e0                 : dskt2_scratch.oe674 (.text:_DSKT2_incrScratchReferenceCount)
                  f8085a40    000001e0     vrmcodec.ae674 : vrmcodec.oe674 (.text:algControl)
                  f8085c20    000001e0     ipc.lib : Ipc.obj (.text:ti_sdo_ipc_GateMP_attach__F)
                  f8085e00    000001e0             : Ipc.obj (.text:ti_sdo_ipc_GateMP_getFreeResource__I)
                  f8085fe0    000001e0             : Ipc.obj (.text:ti_sdo_ipc_heaps_HeapBufMP_alloc__E)
                  f80861c0    000001e0     sysbios.lib : BIOS.obj (.text:ti_sysbios_knl_Task_postInit__I)
                  f80863a0    000001e0                 : BIOS.obj (.text:ti_sysbios_utils_Load_idleFxn__E)
                  f8086580    000001c0     ipc_bios.ae674 : Processor_noOS.oe674 (.text:Processor_delete)
                  f8086740    000001c0     dskt2.ae674 : dskt2_scratch.oe674 (.text:_DSKT2_exitScratch)
                  f8086900    000001c0                 : dskt2_scratch.oe674 (.text:_DSKT2_freeAllocatedMemory)
                  f8086ac0    000001c0                 : dskt2_scratch.oe674 (.text:_DSKT2_usesInternalScratch)
                  f8086c80    000001c0     rts6740_elf.lib : _printfi.obj (.text:_mcpy)
                  f8086e40    000001c0     ce.ae674 : Engine.oe674 (.text:checkServer)
                  f8087000    000001c0              : Engine.oe674 (.text:isa)
                  f80871c0    000001c0     ipc.lib : Ipc.obj (.text:ti_sdo_ipc_family_ti81xx_InterruptDsp_intUnregister__E)
                  f8087380    000001c0             : Ipc.obj (.text:ti_sdo_ipc_family_ti81xx_NotifySetup_attach__E)
                  f8087540    000001c0             : Ipc.obj (.text:ti_sdo_ipc_notifyDrivers_NotifyDriverShm_registerEvent__E)
                  f8087700    000001c0     sysbios.lib : BIOS.obj (.text:ti_sysbios_knl_Task_checkStacks__E)
                  f80878c0    000001a0     dskt2.ae674 : dskt2crea.oe674 (.text:DSKT2_createAlgExt)
                  f8087a60    000001a0                 : dskt2_scratch.oe674 (.text:DSKT2_getNumMemRecs)
                  f8087c00    000001a0     ipc.lib : Ipc.obj (.text:HeapMemMP_openByAddr)
                  f8087da0    000001a0             : Ipc.obj (.text:SharedRegion_getCacheLineSize)
                  f8087f40    000001a0             : Ipc.obj (.text:SharedRegion_getHeap)
                  f80880e0    000001a0             : Ipc.obj (.text:SharedRegion_isCacheEnabled)
                  f8088280    000001a0     dskt2.ae674 : dskt2_scratch.oe674 (.text:_DSKT2_freeInstanceMemory)
                  f8088420    000001a0     rts6740_elf.lib : imath40.obj (.text:__c6xabi_divul)
                  f80885c0    000001a0     ce.ae674 : Engine.oe674 (.text:allocNode)
                  f8088760    000001a0     node.ae674 : node_crea.oe674 (.text:callStub)
                  f8088900    000001a0     ipc.lib : Ipc.obj (.text:ti_sdo_ipc_GateMP_openRegion0Reserved__F)
                  f8088aa0    000001a0             : Ipc.obj (.text:ti_sdo_ipc_gates_GateHWSpinlock_enter__E)
                  f8088c40    000001a0             : Ipc.obj (.text:ti_sdo_ipc_notifyDrivers_NotifyDriverShm_enableEvent__E)
                  f8088de0    000001a0     sysbios.lib : BIOS.obj (.text:ti_sysbios_gates_GateMutex_enter__E)
                  f8088f80    000001a0                 : BIOS.obj (.text:ti_sysbios_heaps_HeapMem_Instance_init__F)
                  f8089120    000001a0                 : BIOS.obj (.text:ti_sysbios_knl_Swi_Instance_init__F)
                  f80892c0    000001a0                 : BIOS.obj (.text:ti_sysbios_xdcruntime_ThreadSupport_runStub__I)
                  f8089460    00000180     dskt2.ae674 : dskt2crea.oe674 (.text:DSKT2_createAlg)
                  f80895e0    00000180     osal.ae674 : Global_BIOS.oe674 (.text:Global_exit)
                  f8089760    00000180     rts6740_elf.lib : trgdrv.obj (.text:HOSTrename)
                  f80898e0    00000180     ipc.lib : Ipc.obj (.text:MultiProc_getName)
                  f8089a60    00000180             : Ipc.obj (.text:Notify_intLineRegistered)
                  f8089be0    00000180     osal_support.ae674 : OsalSupport.oe674 (.text:OsalSupport_createGate)
                  f8089d60    00000180     ce.ae674 : rms.oe674 (.text:RMS_exec)
                  f8089ee0    00000180              : rms.oe674 (.text:getSegStat)
                  f808a060    00000180              : Engine.oe674 (.text:rserverClose)
                  f808a1e0    00000180     rts6740_elf.lib : setvbuf.obj (.text:setvbuf)
                  f808a360    00000180     sysbios.lib : c64p_Exception_asm.obj (.text)
                  f808a4e0    00000180     syscbuf.ae674 : SysCBuf.oe674 (.text:ti_sdo_ce_utils_syscbuf_SysCBuf_get__F)
                  f808a660    00000180     ipc.lib : Ipc.obj (.text:ti_sdo_ipc_MessageQ_registerTransport__F)
                  f808a7e0    00000180             : Ipc.obj (.text:ti_sdo_ipc_Notify_Module_startup__F)
                  f808a960    00000180             : Ipc.obj (.text:ti_sdo_ipc_SharedRegion_resetInternalFields__F)
                  f808aae0    00000180             : Ipc.obj (.text:ti_sdo_ipc_gates_GatePeterson_enter__E)
                  f808ac60    00000180             : Ipc.obj (.text:ti_sdo_ipc_notifyDrivers_NotifyDriverShm_unregisterEvent__E)
                  f808ade0    00000180             : Ipc.obj (.text:ti_sdo_utils_NameServer_Module_startup__F)
                  f808af60    00000180     sysbios.lib : BIOS.obj (.text:ti_sysbios_knl_Semaphore_post__E)
                  f808b0e0    00000180                 : BIOS.obj (.text:ti_sysbios_knl_Swi_schedule__I)
                  f808b260    00000180                 : BIOS.obj (.text:ti_sysbios_knl_Task_unblockI__E)
                  f808b3e0    00000180                 : BIOS.obj (.text:ti_sysbios_syncs_SyncSem_Instance_init__F)
                  f808b560    00000180     ti.targets.rts6000.ae674 : Text.oe674 (.text:xdc_runtime_Text_putSite__F)
                  f808b6e0    00000160     Algorithm_BIOS.ae674 : Algorithm_BIOS.oe674 (.text:Algorithm_activate)
                  f808b840    00000160                          : Algorithm_BIOS.oe674 (.text:Algorithm_deactivate)
                  f808b9a0    00000160     sysbios.lib : BIOS.obj (.text:rtsUnlock$0)
                  f808bb00    00000160     osal.ae674 : Memory_BIOS.oe674 (.text:ti_sdo_ce_osal_Memory_alloc)
                  f808bc60    00000160                : Memory_BIOS.oe674 (.text:ti_sdo_ce_osal_Memory_free)
                  f808bdc0    00000160     ipc.lib : Ipc.obj (.text:ti_sdo_ipc_GateMP_createLocal__F)
                  f808bf20    00000160             : Ipc.obj (.text:ti_sdo_ipc_MessageQ_unregisterTransport__F)
                  f808c080    00000160             : Ipc.obj (.text:ti_sdo_ipc_family_ti81xx_InterruptDsp_intDisable__E)
                  f808c1e0    00000160             : Ipc.obj (.text:ti_sdo_ipc_family_ti81xx_InterruptDsp_intEnable__E)
                  f808c340    00000160             : Ipc.obj (.text:ti_sdo_ipc_gates_GateHWSpinlock_Module_startup__F)
                  f808c4a0    00000160             : Ipc.obj (.text:ti_sdo_utils_NameServer_isRegistered__E)
                  f808c600    00000160             : Ipc.obj (.text:ti_sdo_utils_NameServer_registerRemoteDriver__E)
                  f808c760    00000160             : Ipc.obj (.text:ti_sdo_utils_NameServer_unregisterRemoteDriver__E)
                  f808c8c0    00000160     sysbios.lib : BIOS.obj (.text:ti_sysbios_timers_dmtimer_Timer_start__E)
                  f808ca20    00000160                 : BIOS.obj (.text:ti_sysbios_utils_Load_taskCreateHook__E)
                  f808cb80    00000140     ce.ae674 : Engine.oe674 (.text:Engine_getFxns)
                  f808ccc0    00000140     ipc.lib : Ipc.obj (.text:GateMP_close)
                  f808ce00    00000140     imgenc1.ae674 : imgenc1.oe674 (.text:IMGENC1_delete)
                  f808cf40    00000140     ipc.lib : Ipc.obj (.text:MessageQ_registerHeap)
                  f808d080    00000140     boot.ae674 : autoinit.oe674 (.text:_auto_init_elf)
                  f808d1c0    00000140     rts6740_elf.lib : _printfi.obj (.text:_pproc_fflags)
                  f808d300    00000140     ce.ae674 : rms.oe674 (.text:checkStack)
                  f808d440    00000140     rts6740_elf.lib : fputc.obj (.text:fputc)
                  f808d580    00000140                     : lowlev.obj (.text:getdevice)
                  f808d6c0    00000140     osal.ae674 : Memory_BIOS.oe674 (.text:ti_sdo_ce_osal_Memory_cacheInv)
                  f808d800    00000140                : Memory_BIOS.oe674 (.text:ti_sdo_ce_osal_Memory_cacheWb)
                  f808d940    00000140     ipc.lib : Ipc.obj (.text:ti_sdo_ipc_Notify_exec__F)
                  f808da80    00000140             : Ipc.obj (.text:ti_sdo_ipc_family_ti81xx_InterruptDsp_intShmStub__I)
                  f808dbc0    00000140             : Ipc.obj (.text:ti_sdo_ipc_transports_TransportShm_sharedMemReq__F)
                  f808dd00    00000140     sysbios.lib : BIOS.obj (.text:ti_sysbios_family_c64p_Hwi_Module_startup__F)
                  f808de40    00000140                 : BIOS.obj (.text:ti_sysbios_gates_GateSwi_enter__E)
                  f808df80    00000140                 : BIOS.obj (.text:ti_sysbios_knl_Clock_Instance_finalize__F)
                  f808e0c0    00000140                 : BIOS.obj (.text:ti_sysbios_knl_Semaphore_Instance_init__F)
                  f808e200    00000140                 : BIOS.obj (.text:ti_sysbios_knl_Swi_post__E)
                  f808e340    00000140                 : BIOS.obj (.text:ti_sysbios_knl_Task_blockI__E)
                  f808e480    00000140                 : BIOS.obj (.text:ti_sysbios_knl_Task_yield__E)
                  f808e5c0    00000140                 : BIOS.obj (.text:ti_sysbios_utils_Load_addTask__E)
                  f808e700    00000140     ti.targets.rts6000.ae674 : GateProcess.oe674 (.text:xdc_runtime_knl_GateProcess_Instance_init__F)
                  f808e840    00000120     Algorithm_BIOS.ae674 : Algorithm_BIOS.oe674 (.text:Algorithm_addGroup)
                  f808e960    00000120                          : Algorithm_BIOS.oe674 (.text:Algorithm_init)
                  f808ea80    00000120                          : Algorithm_BIOS.oe674 (.text:Algorithm_removeGroup)
                  f808eba0    00000120     ipc_bios.ae674 : Comm_BIOS.oe674 (.text:Comm_create)
                  f808ecc0    00000120     nullres.ae674 : iresman_nullres.oe674 (.text:IRESMAN_NULLRES_init)
                  f808ede0    00000120     osal.ae674 : Loader_noOS.oe674 (.text:Loader_init)
                  f808ef00    00000120     ipc.lib : Ipc.obj (.text:MessageQ_unregisterHeap)
                  f808f020    00000120     ce.ae674 : visa.oe674 (.text:VISA_create)
                  f808f140    00000120              : rms.oe674 (.text:deleteNode)
                  f808f260    00000120     rts6740_elf.lib : fclose.obj (.text:fclose)
                  f808f380    00000120     ce.ae674 : rms.oe674 (.text:getMemStat)
                  f808f4a0    00000120     rman.ae674 : rman.oe674 (.text:getResman)
                  f808f5c0    00000120     sysbios.lib : BIOS.obj (.text:initDevice$46)
                  f808f6e0    00000120     osal.ae674 : Memory_BIOS.oe674 (.text:ti_sdo_ce_osal_Memory_cacheWbInvAll)
                  f808f800    00000120     ipc.lib : Ipc.obj (.text:ti_sdo_ipc_MessageQ_Module_startup__F)
                  f808f920    00000120     server_pe674.oe674 (.text:ti_sdo_ipc_MessageQ_Object__create__S)
                  f808fa40    00000120     server_pe674.oe674 (.text:ti_sdo_ipc_Notify_Object__create__S)
                  f808fb60    00000120     ipc.lib : Ipc.obj (.text:ti_sdo_ipc_gates_GateHWSpinlock_leave__E)
                  f808fc80    00000120     server_pe674.oe674 (.text:ti_sdo_ipc_gates_GatePeterson_Object__create__S)
                  f808fda0    00000120     ipc.lib : Ipc.obj (.text:ti_sdo_ipc_nsremote_NameServerRemoteNotify_Instance_finalize__F)
                  f808fec0    00000120     server_pe674.oe674 (.text:ti_sdo_ipc_nsremote_NameServerRemoteNotify_Object__create__S)
                  f808ffe0    00000120     server_pe674.oe674 (.text:ti_sdo_ipc_transports_TransportShm_Object__create__S)
                  f8090100    00000120     server_pe674.oe674 (.text:ti_sysbios_family_c64p_Hwi_Object__create__S)
                  f8090220    00000120     server_pe674.oe674 (.text:ti_sysbios_knl_Swi_Object__create__S)
                  f8090340    00000120     server_pe674.oe674 (.text:ti_sysbios_knl_Task_Object__create__S)
                  f8090460    00000120     sysbios.lib : BIOS.obj (.text:ti_sysbios_timers_dmtimer_Timer_Module_startup__F)
                  f8090580    00000120     server_pe674.oe674 (.text:ti_sysbios_xdcruntime_ThreadSupport_Object__create__S)
                  f80906a0    00000120     ti.targets.rts6000.ae674 : Text.oe674 (.text:xdc_runtime_Text_putLab__F)
                  f80907c0    00000120     server_pe674.oe674 (.text:xdc_runtime_knl_SemProcess_Object__create__S)
                  f80908e0    00000120     server_pe674.oe674 (.text:xdc_runtime_knl_SemThread_Object__create__S)
                  f8090a00    00000120     server_pe674.oe674 (.text:xdc_runtime_knl_Thread_Object__create__S)
                  f8090b20    00000100     ce.ae674 : Engine.oe674 (.text:Engine_getConstName)
                  f8090c20    00000100     osal.ae674 : Global_BIOS.oe674 (.text:Global_atexit)
                  f8090d20    00000100                : Global_BIOS.oe674 (.text:Global_getenv)
                  f8090e20    00000100     rts6740_elf.lib : trgdrv.obj (.text:HOSTlseek)
                  f8090f20    00000100     node.ae674 : node_init.oe674 (.text:NODE_init)
                  f8091020    00000100     ipc_bios.ae674 : Processor_noOS.oe674 (.text:Processor_init)
                  f8091120    00000100     ce.ae674 : rms.oe674 (.text:RMS_exit)
                  f8091220    00000100     XdmUtils.ae674 : XdmUtils.oe674 (.text:XdmUtils_init)
                  f8091320    00000100     ce.ae674 : visa.oe674 (.text:_VISA_init)
                  f8091420    00000100     rts6740_elf.lib : _printfi.obj (.text:_ltostr)
                  f8091520    00000100                     : _io_perm.obj (.text:_wrt_ok)
                  f8091620    00000100     ce.ae674 : Engine.oe674 (.text:copyToFile)
                  f8091720    00000100     rts6740_elf.lib : fflush.obj (.text:fflush)
                  f8091820    00000100     ce.ae674 : rms.oe674 (.text:getNumAlgs)
                  f8091920    00000100              : Engine.oe674 (.text:getRpcProtocolVersion)
                  f8091a20    00000100              : rms.oe674 (.text:getTrace)
                  f8091b20    00000100     rman.ae674 : rman.oe674 (.text:myAlloc)
                  f8091c20    00000100     server_pe674.oe674 (.text:ti_sdo_ipc_GateMP_Object__create__S)
                  f8091d20    00000100     server_pe674.oe674 (.text:ti_sdo_ipc_ListMP_Object__create__S)
                  f8091e20    00000100     ipc.lib : Ipc.obj (.text:ti_sdo_ipc_Notify_Instance_finalize__F)
                  f8091f20    00000100             : Ipc.obj (.text:ti_sdo_ipc_SharedRegion_attach__F)
                  f8092020    00000100             : Ipc.obj (.text:ti_sdo_ipc_SharedRegion_clearReservedMemory__F)
                  f8092120    00000100             : Ipc.obj (.text:ti_sdo_ipc_gates_GateMPSupportNull_enter__E)
                  f8092220    00000100             : Ipc.obj (.text:ti_sdo_ipc_gates_GateMPSupportNull_leave__E)
                  f8092320    00000100     server_pe674.oe674 (.text:ti_sdo_ipc_heaps_HeapBufMP_Object__create__S)
                  f8092420    00000100     server_pe674.oe674 (.text:ti_sdo_ipc_heaps_HeapMemMP_Object__create__S)
                  f8092520    00000100     server_pe674.oe674 (.text:ti_sdo_ipc_notifyDrivers_NotifyDriverShm_Object__create__S)
                  f8092620    00000100     sysbios.lib : BIOS.obj (.text:ti_sysbios_gates_GateMutexPri_leave__E)
                  f8092720    00000100                 : BIOS.obj (.text:ti_sysbios_knl_Clock_startI__E)
                  f8092820    00000100                 : BIOS.obj (.text:ti_sysbios_knl_Clock_start__E)
                  f8092920    00000100                 : BIOS.obj (.text:ti_sysbios_knl_Swi_restoreHwi__E)
                  f8092a20    00000100     server_pe674.oe674 (.text:ti_sysbios_syncs_SyncSem_Object__create__S)
                  f8092b20    00000100     ti.targets.rts6000.ae674 : Core-mem.oe674 (.text:xdc_runtime_Core_deleteObject__I)
                  f8092c20    00000100                              : Startup.oe674 (.text:xdc_runtime_Startup_exec__F)
                  f8092d20    00000100                              : Text.oe674 (.text:xdc_runtime_Text_putMod__F)
                  f8092e20    00000100                              : Text.oe674 (.text:xdc_runtime_Text_visitRope2__I)
                  f8092f20    00000100     server_pe674.oe674 (.text:xdc_runtime_knl_GateProcess_Object__create__S)
                  f8093020    00000100     server_pe674.oe674 (.text:xdc_runtime_knl_GateThread_Object__create__S)
                  f8093120    000000e0     cesettings.ae674 : CESettings.oe674 (.text:CESettings_init)
                  f8093200    000000e0     fcsettings.ae674 : FCSettings.oe674 (.text:FCSettings_init)
                  f80932e0    000000e0     rts6740_elf.lib : trgdrv.obj (.text:HOSTopen)
                  f80933c0    000000e0     ipc.lib : Ipc.obj (.text:HeapBufMP_create)
                  f80934a0    000000e0     nullres.ae674 : iresman_nullres.oe674 (.text:IRESMAN_NULLRES_freeHandle)
                  f8093580    000000e0     ce.ae674 : visa.oe674 (.text:VISA_enter)
                  f8093660    000000e0              : visa.oe674 (.text:VISA_exit)
                  f8093740    000000e0     dskt2.ae674 : dskt2_permute.oe674 (.text:_rotateListElements)
                  f8093820    000000e0     rts6740_elf.lib : atoi.obj (.text:atoi)
                  f8093900    000000e0                     : lowlev.obj (.text:close)
                  f80939e0    000000e0                     : exit.obj (.text:exit)
                  f8093ac0    000000e0                     : ltoa.obj (.text:ltoa)
                  f8093ba0    000000e0                     : memset.obj (.text:memset)
                  f8093c80    000000e0     ce.ae674 : rms.oe674 (.text:restoreHeap)
                  f8093d60    000000e0              : rms.oe674 (.text:setTraceMask)
                  f8093e40    000000e0              : rms.oe674 (.text:startNode)
                  f8093f20    000000e0     ipc.lib : Ipc.obj (.text:ti_sdo_ipc_Notify_detach__F)
                  f8094000    000000e0             : Ipc.obj (.text:ti_sdo_ipc_family_ti81xx_NotifySetup_sharedMemReq__E)
                  f80940e0    000000e0             : Ipc.obj (.text:ti_sdo_ipc_heaps_HeapBufMP_getStats__F)
                  f80941c0    000000e0     sysbios.lib : BIOS.obj (.text:ti_sysbios_family_c64p_Hwi_Instance_finalize__F)
                  f80942a0    000000e0                 : BIOS.obj (.text:ti_sysbios_family_c64p_Hwi_Instance_init__F)
                  f8094380    000000e0                 : BIOS.obj (.text:ti_sysbios_knl_Swi_Instance_finalize__F)
                  f8094460    000000e0                 : BIOS.obj (.text:ti_sysbios_timers_dmtimer_Timer_setNextTick__E)
                  f8094540    000000e0                 : BIOS.obj (.text:ti_sysbios_xdcruntime_ThreadSupport_join__F)
                  f8094620    000000e0     ti.targets.rts6000.ae674 : Error.oe674 (.text:xdc_runtime_Error_print__F)
                  f8094700    000000e0                              : Memory.oe674 (.text:xdc_runtime_Memory_alloc__F)
                  f80947e0    000000e0                              : Thread.oe674 (.text:xdc_runtime_knl_Thread_Instance_init__F)
                  f80948c0    000000c0     dskt2.ae674 : dskt2_yield.oe674 (.text:DSKT2_setYieldArgs)
                  f8094980    000000c0     ce.ae674 : Engine.oe674 (.text:Engine_getCodecClassConfig)
                  f8094a40    000000c0              : Engine.oe674 (.text:Engine_getProcId)
                  f8094b00    000000c0     rts6740_elf.lib : trgdrv.obj (.text:HOSTread)
                  f8094bc0    000000c0                     : trgdrv.obj (.text:HOSTunlink)
                  f8094c80    000000c0                     : trgdrv.obj (.text:HOSTwrite)
                  f8094d40    000000c0     ipc.lib : Ipc.obj (.text:HeapMemMP_create)
                  f8094e00    000000c0             : Ipc.obj (.text:ListMP_create)
                  f8094ec0    000000c0     osal_support.ae674 : OsalSupport.oe674 (.text:OsalSupport_createSem)
                  f8094f80    000000c0     rts6740_elf.lib : dtor_list.obj (.text:__cxa_finalize)
                  f8095040    000000c0                     : divu.obj (.text:__divu)
                  f8095100    000000c0                     : fopen.obj (.text:_cleanup)
                  f80951c0    000000c0                     : _printfi.obj (.text:_div)
                  f8095280    000000c0                     : fflush.obj (.text:_doflush)
                  f8095340    000000c0                     : fseek.obj (.text:fseek)
                  f8095400    000000c0     ce.ae674 : rms.oe674 (.text:getVers)
                  f80954c0    000000c0     fcsettings.ae674 : gt_dais.oe674 (.text:gt_MemSpace)
                  f8095580    000000c0     rts6740_elf.lib : lowlev.obj (.text:lseek)
                  f8095640    000000c0     ipc.lib : Ipc.obj (.text:ti_sdo_ipc_GateMP_getRegion0ReservedSize__F)
                  f8095700    000000c0             : Ipc.obj (.text:ti_sdo_ipc_family_ti81xx_InterruptDsp_intSend__E)
                  f80957c0    000000c0     sysbios.lib : BIOS.obj (.text:ti_sysbios_BIOS_errorRaiseHook__I)
                  f8095880    000000c0                 : BIOS.obj (.text:ti_sysbios_gates_GateAll_leave__E)
                  f8095940    000000c0                 : BIOS.obj (.text:ti_sysbios_heaps_HeapMem_getStats__E)
                  f8095a00    000000c0                 : BIOS.obj (.text:ti_sysbios_knl_Clock_logTick__E)
                  f8095ac0    000000c0                 : BIOS.obj (.text:ti_sysbios_timers_dmtimer_Timer_getExpiredCounts__E)
                  f8095b80    000000c0                 : BIOS.obj (.text:ti_sysbios_timers_dmtimer_Timer_stop__E)
                  f8095c40    000000c0                 : BIOS.obj (.text:ti_sysbios_utils_Load_taskSwitchHook__E)
                  f8095d00    000000c0                 : BIOS.obj (.text:ti_sysbios_xdcruntime_SemThreadSupport_pend__F)
                  f8095dc0    000000c0     rts6740_elf.lib : lowlev.obj (.text:write)
                  f8095e80    000000c0     ti.targets.rts6000.ae674 : System.oe674 (.text:xdc_runtime_System_formatNum__I)
                  f8095f40    000000c0                              : Text.oe674 (.text:xdc_runtime_Text_matchVisFxn__I)
                  f8096000    000000a0     dskt2.ae674 : dskt2_lock.oe674 (.text:DSKT2_initLocks)
                  f80960a0    000000a0     ce.ae674 : Engine.oe674 (.text:Engine_getRemoteVisa)
                  f8096140    000000a0     rts6740_elf.lib : trgdrv.obj (.text:HOSTclose)
                  f80961e0    000000a0     server_pe674.oe674 (.text:IPC_threadGeneratedReset)
                  f8096280    000000a0     ipc.lib : Ipc.obj (.text:MessageQ_create)
                  f8096320    000000a0     rts6740_elf.lib : remu.obj (.text:__remu)
                  f80963c0    000000a0     boot.ae674 : boot.oe674 (.text:_c_int00)
                  f8096460    000000a0     rts6740_elf.lib : _printfi.obj (.text:_ecpy)
                  f8096500    000000a0                     : _printfi.obj (.text:_fcpy)
                  f80965a0    000000a0                     : _printfi.obj (.text:_pconv_f)
                  f8096640    000000a0     sysbios.lib : c64p_Hwi_asm.obj (.text:_ti_sysbios_family_c64p_Hwi_plug__E)
                  f80966e0    000000a0     osal.ae674 : Loader_noOS.oe674 (.text:cleanup)
                  f8096780    000000a0     rts6740_elf.lib : lowlev.obj (.text:finddevice)
                  f8096820    000000a0     ce.ae674 : Engine.oe674 (.text:getDescListElem)
                  f80968c0    000000a0     server_pe674.oe674 (.text:malloc)
                  f8096960    000000a0     rts6740_elf.lib : memcpy64.obj (.text:memcpy)
                  f8096a00    000000a0     dskt2.ae674 : dskt2_scratch.oe674 (.text:myMalloc)
                  f8096aa0    000000a0     osal.ae674 : Memory_BIOS.oe674 (.text:ti_sdo_ce_osal_Memory_getHeapId)
                  f8096b40    000000a0                : Memory_BIOS.oe674 (.text:ti_sdo_ce_osal_Memory_segStat)
                  f8096be0    000000a0     syscbuf.ae674 : SysCBuf.oe674 (.text:ti_sdo_ce_utils_syscbuf_SysCBuf_Module_startup__F)
                  f8096c80    000000a0                   : SysCBuf.oe674 (.text:ti_sdo_ce_utils_syscbuf_SysCBuf_bind__F)
                  f8096d20    000000a0     ipc.lib : Ipc.obj (.text:ti_sdo_ipc_family_ti81xx_InterruptDsp_intClear__E)
                  f8096dc0    000000a0     server_pe674.oe674 (.text:ti_sdo_ipc_gates_GateHWSpinlock_Object__create__S)
                  f8096e60    000000a0     server_pe674.oe674 (.text:ti_sdo_ipc_gates_GateMPSupportNull_Object__create__S)
                  f8096f00    000000a0     ipc.lib : Ipc.obj (.text:ti_sdo_ipc_gates_GatePeterson_leave__E)
                  f8096fa0    000000a0             : Ipc.obj (.text:ti_sdo_ipc_transports_TransportShmSetup_detach__E)
                  f8097040    000000a0     sysbios.lib : BIOS.obj (.text:ti_sysbios_heaps_HeapMem_init__I)
                  f80970e0    000000a0     server_pe674.oe674 (.text:ti_sysbios_knl_Clock_Object__create__S)
                  f8097180    000000a0     server_pe674.oe674 (.text:ti_sysbios_knl_Clock_doTick__I)
                  f8097220    000000a0     server_pe674.oe674 (.text:ti_sysbios_knl_Semaphore_Object__create__S)
                  f80972c0    000000a0     sysbios.lib : BIOS.obj (.text:ti_sysbios_syncs_SyncSem_wait__F)
                  f8097360    000000a0     server_pe674.oe674 (.text:ti_sysbios_xdcruntime_SemProcessSupport_Object__create__S)
                  f8097400    000000a0     sysbios.lib : BIOS.obj (.text:ti_sysbios_xdcruntime_SemProcessSupport_pend__F)
                  f80974a0    000000a0     server_pe674.oe674 (.text:ti_sysbios_xdcruntime_SemThreadSupport_Object__create__S)
                  f8097540    000000a0     ti.targets.rts6000.ae674 : Assert.oe674 (.text:xdc_runtime_Assert_raise__I)
                  f80975e0    000000a0                              : Registry.oe674 (.text:xdc_runtime_Registry_addModule__F)
                  f8097680    000000a0                              : Registry.oe674 (.text:xdc_runtime_Registry_findByName__F)
                  f8097720    000000a0                              : SysMin.oe674 (.text:xdc_runtime_SysMin_abort__F)
                  f80977c0    000000a0                              : SysMin.oe674 (.text:xdc_runtime_SysMin_flush__F)
                  f8097860    000000a0                              : SysMin.oe674 (.text:xdc_runtime_SysMin_putch__F)
                  f8097900    00000080     ce.ae674 : Engine.oe674 (.text:Engine_ctrlNode)
                  f8097980    00000080     ipc.lib : Ipc.obj (.text:HeapBufMP_Params_init)
                  f8097a00    00000080             : Ipc.obj (.text:Ipc_stop)
                  f8097a80    00000080     osal_support.ae674 : OsalSupport.oe674 (.text:OsalSupport_deleteGate)
                  f8097b00    00000080                        : OsalSupport.oe674 (.text:OsalSupport_deleteSem)
                  f8097b80    00000080     dskt2.ae674 : dskt2_permute.oe674 (.text:_DSKT2_Permute_iterateNext)
                  f8097c00    00000080                 : dskt2_seg.oe674 (.text:_DSKT2_spaceToSeg)
                  f8097c80    00000080     node.ae674 : node_crea.oe674 (.text:_NODE_createFxn)
                  f8097d00    00000080     rts6740_elf.lib : dtor_list.obj (.text:_Z11__TI_atexitPFYvPvES_S_)
                  f8097d80    00000080                     : llshift.obj (.text:__c6xabi_llshl)
                  f8097e00    00000080     dskt2.ae674 : dskt2_permute.oe674 (.text:_rotateSubgroup)
                  f8097e80    00000080     sysbios.lib : c62_TaskSupport_asm.obj (.text:_ti_sysbios_family_c62_TaskSupport_swap__E)
                  f8097f00    00000080     ce.ae674 : Engine.oe674 (.text:callServer)
                  f8097f80    00000080     rts6740_elf.lib : fprintf.obj (.text:fprintf)
                  f8098000    00000080     ce.ae674 : rms.oe674 (.text:freeInst)
                  f8098080    00000080     rts6740_elf.lib : trgmsg.obj (.text:readmsg)
                  f8098100    00000080     rman.ae674 : rman.oe674 (.text:setInternalState)
                  f8098180    00000080     ipc.lib : Ipc.obj (.text:ti_sdo_ipc_notifyDrivers_NotifyDriverShm_Instance_finalize__F)
                  f8098200    00000080             : Ipc.obj (.text:ti_sdo_ipc_nsremote_NameServerRemoteNotify_detach__E)
                  f8098280    00000080             : Ipc.obj (.text:ti_sdo_ipc_transports_TransportShm_swiFxn__I)
                  f8098300    00000080     server_pe674.oe674 (.text:ti_sdo_utils_List_Object__create__S)
                  f8098380    00000080     server_pe674.oe674 (.text:ti_sysbios_BIOS_exitFunc__I)
                  f8098400    00000080     sysbios.lib : BIOS.obj (.text:ti_sysbios_family_c62_TaskSupport_start__E)
                  f8098480    00000080                 : BIOS.obj (.text:ti_sysbios_family_c64p_Cache_invL1pAll__E)
                  f8098500    00000080                 : BIOS.obj (.text:ti_sysbios_family_c64p_Cache_wbInvAll__E)
                  f8098580    00000080                 : BIOS.obj (.text:ti_sysbios_family_c64p_Hwi_eventMap__E)
                  f8098600    00000080     server_pe674.oe674 (.text:ti_sysbios_gates_GateAll_Object__create__S)
                  f8098680    00000080     server_pe674.oe674 (.text:ti_sysbios_gates_GateHwi_Object__create__S)
                  f8098700    00000080     server_pe674.oe674 (.text:ti_sysbios_gates_GateMutexPri_Object__create__S)
                  f8098780    00000080     server_pe674.oe674 (.text:ti_sysbios_gates_GateMutex_Object__create__S)
                  f8098800    00000080     server_pe674.oe674 (.text:ti_sysbios_gates_GateSwi_Object__create__S)
                  f8098880    00000080     sysbios.lib : BIOS.obj (.text:ti_sysbios_gates_GateSwi_leave__E)
                  f8098900    00000080     server_pe674.oe674 (.text:ti_sysbios_heaps_HeapMem_Object__create__S)
                  f8098980    00000080     sysbios.lib : BIOS.obj (.text:ti_sysbios_knl_Clock_Module_startup__F)
                  f8098a00    00000080                 : BIOS.obj (.text:ti_sysbios_knl_Clock_getTicks__E)
                  f8098a80    00000080                 : BIOS.obj (.text:ti_sysbios_knl_Idle_loop__E)
                  f8098b00    00000080     server_pe674.oe674 (.text:ti_sysbios_knl_Queue_Object__create__S)
                  f8098b80    00000080     sysbios.lib : BIOS.obj (.text:ti_sysbios_knl_Swi_startup__E)
                  f8098c00    00000080                 : BIOS.obj (.text:ti_sysbios_knl_Task_restore__E)
                  f8098c80    00000080     server_pe674.oe674 (.text:ti_sysbios_xdcruntime_GateProcessSupport_Object__create__S)
                  f8098d00    00000080     server_pe674.oe674 (.text:ti_sysbios_xdcruntime_GateThreadSupport_Object__create__S)
                  f8098d80    00000080     sysbios.lib : BIOS.obj (.text:ti_sysbios_xdcruntime_SemProcessSupport_Instance_init__F)
                  f8098e00    00000080                 : BIOS.obj (.text:ti_sysbios_xdcruntime_SemThreadSupport_Instance_init__F)
                  f8098e80    00000080     rts6740_elf.lib : lowlev.obj (.text:unlink)
                  f8098f00    00000080     ti.targets.rts6000.ae674 : Core-label.oe674 (.text:xdc_runtime_Core_assignLabel__I)
                  f8098f80    00000080                              : Core-params.oe674 (.text:xdc_runtime_Core_assignParams__I)
                  f8099000    00000080                              : Registry.oe674 (.text:xdc_runtime_Registry_findByNamePattern__F)
                  f8099080    00000080                              : Registry.oe674 (.text:xdc_runtime_Registry_matchPattern__I)
                  f8099100    00000080     server_pe674.oe674 (.text:xdc_runtime_SysMin_output__I)
                  f8099180    00000080     ti.targets.rts6000.ae674 : System.oe674 (.text:xdc_runtime_System_atexit__F)
                  f8099200    00000080                              : System.oe674 (.text:xdc_runtime_System_rtsExit__I)
                  f8099280    00000080                              : Text.oe674 (.text:xdc_runtime_Text_printVisFxn__I)
                  f8099300    00000080                              : Text.oe674 (.text:xdc_runtime_Text_xprintf__I)
                  f8099380    00000080                              : SemProcess.oe674 (.text:xdc_runtime_knl_SemProcess_Instance_init__F)
                  f8099400    00000080                              : SemThread.oe674 (.text:xdc_runtime_knl_SemThread_Instance_init__F)
                  f8099480    00000060     ipc_bios.ae674 : Comm_BIOS.oe674 (.text:Comm_delete)
                  f80994e0    00000060     dskt2.ae674 : dskt2_lock.oe674 (.text:DSKT2_acquireLock)
                  f8099540    00000060                 : dskt2_lock.oe674 (.text:DSKT2_exitLocks)
                  f80995a0    00000060                 : dskt2_lock.oe674 (.text:DSKT2_releaseLock)
                  f8099600    00000060     ipc.lib : Ipc.obj (.text:GateMP_Params_init)
                  f8099660    00000060             : Ipc.obj (.text:HeapMemMP_Params_init)
                  f80996c0    00000060     server_pe674.oe674 (.text:IPC_threadGeneratedInit)
                  f8099720    00000060     node.ae674 : node_stat.oe674 (.text:NODE_stat)
                  f8099780    00000060     ce.ae674 : rms.oe674 (.text:RMS_run)
                  f80997e0    00000060     dskt2.ae674 : dskt2_permute.oe674 (.text:_DSKT2_Permute_setInitialState)
                  f8099840    00000060                 : dskt2_scratch.oe674 (.text:_DSKT2_useSharedScratch)
                  f80998a0    00000060     rts6740_elf.lib : assert.obj (.text:__c6xabi_abort_msg)
                  f8099900    00000060                     : imath64.obj (.text:_subcull)
                  f8099960    00000060     ce.ae674 : Engine.oe674 (.text:collectDspTrace)
                  f80999c0    00000060              : rms.oe674 (.text:formatNum)
                  f8099a20    00000060              : Engine.oe674 (.text:freeNode)
                  f8099a80    00000060     rman.ae674 : rman.oe674 (.text:getInternalState)
                  f8099ae0    00000060     ce.ae674 : rms.oe674 (.text:getMemRecs)
                  f8099b40    00000060     fcsettings.ae674 : gt_dais.oe674 (.text:gt_MemAttrs)
                  f8099ba0    00000060     rts6740_elf.lib : memccpy.obj (.text:memccpy)
                  f8099c00    00000060                     : sprintf.obj (.text:sprintf)
                  f8099c60    00000060                     : strpbrk.obj (.text:strpbrk)
                  f8099cc0    00000060     server_pe674.oe674 (.text:ti_sdo_ipc_GateMP_Object__delete__S)
                  f8099d20    00000060     server_pe674.oe674 (.text:ti_sdo_ipc_ListMP_Object__delete__S)
                  f8099d80    00000060     server_pe674.oe674 (.text:ti_sdo_ipc_MessageQ_Object__delete__S)
                  f8099de0    00000060     server_pe674.oe674 (.text:ti_sdo_ipc_Notify_Object__delete__S)
                  f8099e40    00000060     server_pe674.oe674 (.text:ti_sdo_ipc_gates_GateHWSpinlock_Handle__label__S)
                  f8099ea0    00000060     server_pe674.oe674 (.text:ti_sdo_ipc_gates_GateHWSpinlock_Object__delete__S)
                  f8099f00    00000060     server_pe674.oe674 (.text:ti_sdo_ipc_gates_GateMPSupportNull_Handle__label__S)
                  f8099f60    00000060     server_pe674.oe674 (.text:ti_sdo_ipc_gates_GateMPSupportNull_Object__delete__S)
                  f8099fc0    00000060     server_pe674.oe674 (.text:ti_sdo_ipc_gates_GatePeterson_Handle__label__S)
                  f809a020    00000060     ipc.lib : Ipc.obj (.text:ti_sdo_ipc_gates_GatePeterson_Instance_finalize__F)
                  f809a080    00000060     server_pe674.oe674 (.text:ti_sdo_ipc_gates_GatePeterson_Object__delete__S)
                  f809a0e0    00000060     server_pe674.oe674 (.text:ti_sdo_ipc_heaps_HeapBufMP_Handle__label__S)
                  f809a140    00000060     server_pe674.oe674 (.text:ti_sdo_ipc_heaps_HeapBufMP_Object__delete__S)
                  f809a1a0    00000060     server_pe674.oe674 (.text:ti_sdo_ipc_heaps_HeapMemMP_Handle__label__S)
                  f809a200    00000060     server_pe674.oe674 (.text:ti_sdo_ipc_heaps_HeapMemMP_Object__delete__S)
                  f809a260    00000060     server_pe674.oe674 (.text:ti_sdo_ipc_notifyDrivers_NotifyDriverShm_Handle__label__S)
                  f809a2c0    00000060     server_pe674.oe674 (.text:ti_sdo_ipc_notifyDrivers_NotifyDriverShm_Object__delete__S)
                  f809a320    00000060     ipc.lib : Ipc.obj (.text:ti_sdo_ipc_notifyDrivers_NotifyDriverShm_setNotifyHandle__E)
                  f809a380    00000060     server_pe674.oe674 (.text:ti_sdo_ipc_nsremote_NameServerRemoteNotify_Handle__label__S)
                  f809a3e0    00000060     server_pe674.oe674 (.text:ti_sdo_ipc_nsremote_NameServerRemoteNotify_Object__delete__S)
                  f809a440    00000060     ipc.lib : Ipc.obj (.text:ti_sdo_ipc_transports_TransportShmSetup_sharedMemReq__E)
                  f809a4a0    00000060     server_pe674.oe674 (.text:ti_sdo_ipc_transports_TransportShm_Handle__label__S)
                  f809a500    00000060     server_pe674.oe674 (.text:ti_sdo_ipc_transports_TransportShm_Object__delete__S)
                  f809a560    00000060     sysbios.lib : BIOS.obj (.text:ti_sysbios_BIOS_registerRTSLock__I)
                  f809a5c0    00000060                 : BIOS.obj (.text:ti_sysbios_family_c62_TaskSupport_stackUsed__E)
                  f809a620    00000060                 : BIOS.obj (.text:ti_sysbios_family_c64p_Cache_setMar__E)
                  f809a680    00000060                 : BIOS.obj (.text:ti_sysbios_family_c64p_Exception_Module_startup__F)
                  f809a6e0    00000060     server_pe674.oe674 (.text:ti_sysbios_family_c64p_Hwi_Object__delete__S)
                  f809a740    00000060     server_pe674.oe674 (.text:ti_sysbios_gates_GateAll_Handle__label__S)
                  f809a7a0    00000060     server_pe674.oe674 (.text:ti_sysbios_gates_GateAll_Object__delete__S)
                  f809a800    00000060     sysbios.lib : BIOS.obj (.text:ti_sysbios_gates_GateAll_enter__E)
                  f809a860    00000060     server_pe674.oe674 (.text:ti_sysbios_gates_GateHwi_Handle__label__S)
                  f809a8c0    00000060     server_pe674.oe674 (.text:ti_sysbios_gates_GateHwi_Object__delete__S)
                  f809a920    00000060     server_pe674.oe674 (.text:ti_sysbios_gates_GateMutexPri_Handle__label__S)
                  f809a980    00000060     server_pe674.oe674 (.text:ti_sysbios_gates_GateMutexPri_Object__delete__S)
                  f809a9e0    00000060     server_pe674.oe674 (.text:ti_sysbios_gates_GateMutex_Handle__label__S)
                  f809aa40    00000060     sysbios.lib : BIOS.obj (.text:ti_sysbios_gates_GateMutex_Instance_init__F)
                  f809aaa0    00000060     server_pe674.oe674 (.text:ti_sysbios_gates_GateMutex_Object__delete__S)
                  f809ab00    00000060     server_pe674.oe674 (.text:ti_sysbios_gates_GateSwi_Handle__label__S)
                  f809ab60    00000060     server_pe674.oe674 (.text:ti_sysbios_gates_GateSwi_Object__delete__S)
                  f809abc0    00000060     sysbios.lib : BIOS.obj (.text:ti_sysbios_hal_Hwi_checkStack:ti_sysbios_hal_Hwi_checkStack)
                  f809ac20    00000060                 : BIOS.obj (.text:ti_sysbios_hal_Hwi_initStack:ti_sysbios_hal_Hwi_initStack)
                  f809ac80    00000060     server_pe674.oe674 (.text:ti_sysbios_heaps_HeapMem_Handle__label__S)
                  f809ace0    00000060     server_pe674.oe674 (.text:ti_sysbios_heaps_HeapMem_Object__delete__S)
                  f809ad40    00000060     server_pe674.oe674 (.text:ti_sysbios_knl_Semaphore_Object__delete__S)
                  f809ada0    00000060     sysbios.lib : BIOS.obj (.text:ti_sysbios_knl_Semaphore_pendTimeout__I)
                  f809ae00    00000060                 : BIOS.obj (.text:ti_sysbios_knl_Swi_Module_startup__F)
                  f809ae60    00000060     server_pe674.oe674 (.text:ti_sysbios_knl_Task_Object__delete__S)
                  f809aec0    00000060     sysbios.lib : BIOS.obj (.text:ti_sysbios_knl_Task_allBlockedFunction__I)
                  f809af20    00000060                 : BIOS.obj (.text:ti_sysbios_knl_Task_enter__I)
                  f809af80    00000060     server_pe674.oe674 (.text:ti_sysbios_syncs_SyncSem_Handle__label__S)
                  f809afe0    00000060     server_pe674.oe674 (.text:ti_sysbios_syncs_SyncSem_Object__delete__S)
                  f809b040    00000060     sysbios.lib : BIOS.obj (.text:ti_sysbios_timers_dmtimer_Timer_getPeriod__E)
                  f809b0a0    00000060                 : BIOS.obj (.text:ti_sysbios_timers_dmtimer_Timer_stub__E)
                  f809b100    00000060     server_pe674.oe674 (.text:ti_sysbios_xdcruntime_GateProcessSupport_Object__delete__S)
                  f809b160    00000060     server_pe674.oe674 (.text:ti_sysbios_xdcruntime_GateThreadSupport_Object__delete__S)
                  f809b1c0    00000060     server_pe674.oe674 (.text:ti_sysbios_xdcruntime_SemProcessSupport_Object__delete__S)
                  f809b220    00000060     server_pe674.oe674 (.text:ti_sysbios_xdcruntime_SemThreadSupport_Object__delete__S)
                  f809b280    00000060     sysbios.lib : BIOS.obj (.text:ti_sysbios_xdcruntime_ThreadSupport_Instance_finalize__F)
                  f809b2e0    00000060     server_pe674.oe674 (.text:ti_sysbios_xdcruntime_ThreadSupport_Object__delete__S)
                  f809b340    00000060     sysbios.lib : BIOS.obj (.text:ti_sysbios_xdcruntime_ThreadSupport_stat__F)
                  f809b3a0    00000060     ti.syslink.ipc.rtos.ae674 : Syslink.oe674 (.text:ti_syslink_ipc_rtos_Syslink_attach)
                  f809b400    00000060     rts6740_elf.lib : trgmsg.obj (.text:writemsg)
                  f809b460    00000060     server_pe674.oe674 (.text:xdc_runtime_GateNull_Handle__label__S)
                  f809b4c0    00000060     server_pe674.oe674 (.text:xdc_runtime_GateNull_Object__create__S)
                  f809b520    00000060     server_pe674.oe674 (.text:xdc_runtime_GateNull_Object__delete__S)
                  f809b580    00000060     ti.targets.rts6000.ae674 : Memory.oe674 (.text:xdc_runtime_Memory_calloc__F)
                  f809b5e0    00000060                              : Memory.oe674 (.text:xdc_runtime_Memory_valloc__F)
                  f809b640    00000060                              : SysMin.oe674 (.text:xdc_runtime_SysMin_Module_startup__F)
                  f809b6a0    00000060                              : SysMin.oe674 (.text:xdc_runtime_SysMin_exit__F)
                  f809b700    00000060                              : System.oe674 (.text:xdc_runtime_System_aprintf_va__F)
                  f809b760    00000060                              : System.oe674 (.text:xdc_runtime_System_printf_va__F)
                  f809b7c0    00000060                              : Text.oe674 (.text:xdc_runtime_Text_cordText__F)
                  f809b820    00000060     server_pe674.oe674 (.text:xdc_runtime_knl_GateProcess_Handle__label__S)
                  f809b880    00000060     server_pe674.oe674 (.text:xdc_runtime_knl_GateProcess_Object__delete__S)
                  f809b8e0    00000060     server_pe674.oe674 (.text:xdc_runtime_knl_GateThread_Handle__label__S)
                  f809b940    00000060     server_pe674.oe674 (.text:xdc_runtime_knl_GateThread_Object__delete__S)
                  f809b9a0    00000060     server_pe674.oe674 (.text:xdc_runtime_knl_SemProcess_Handle__label__S)
                  f809ba00    00000060     server_pe674.oe674 (.text:xdc_runtime_knl_SemProcess_Object__delete__S)
                  f809ba60    00000060     server_pe674.oe674 (.text:xdc_runtime_knl_SemThread_Handle__label__S)
                  f809bac0    00000060     server_pe674.oe674 (.text:xdc_runtime_knl_SemThread_Object__delete__S)
                  f809bb20    00000060     server_pe674.oe674 (.text:xdc_runtime_knl_Thread_Object__delete__S)
                  f809bb80    00000040     Algorithm_BIOS.ae674 : Algorithm_BIOS.oe674 (.text:Algorithm_exit)
                  f809bbc0    00000040     ipc_bios.ae674 : Comm_BIOS.oe674 (.text:Comm_alloc)
                  f809bc00    00000040                    : Comm_BIOS.oe674 (.text:Comm_get)
                  f809bc40    00000040     server_pe674.oe674 (.text:DSKT2_cfgInit)
                  f809bc80    00000040     dskt2.ae674 : dskt2_lock.oe674 (.text:DSKT2_getContext)
                  f809bcc0    00000040                 : dskt2_lock.oe674 (.text:DSKT2_setContext)
                  f809bd00    00000040     ce.ae674 : Engine.oe674 (.text:Engine_getLocalEngine)
                  f809bd40    00000040              : Engine.oe674 (.text:Engine_getMemId)
                  f809bd80    00000040              : Engine.oe674 (.text:Engine_getNodeQueues)
                  f809bdc0    00000040     node.ae674 : node_start.oe674 (.text:NODE_start)
                  f809be00    00000040     osal.ae674 : Queue.oe674 (.text:Queue_extract)
                  f809be40    00000040                : Queue.oe674 (.text:Queue_get)
                  f809be80    00000040                : Queue.oe674 (.text:Queue_put)
                  f809bec0    00000040     server_pe674.oe674 (.text:RMAN_autoRegister)
                  f809bf00    00000040     osal.ae674 : Trace_SysCBuf.oe674 (.text:Trace_fillBuf)
                  f809bf40    00000040                : Trace_SysCBuf.oe674 (.text:Trace_init)
                  f809bf80    00000040     ce.ae674 : visa.oe674 (.text:VISA_getAlgHandle)
                  f809bfc0    00000040     dskt2.ae674 : dskt2_scratch.oe674 (.text:_DSKT2_throwMPUMemException)
                  f809c000    00000040     rts6740_elf.lib : frcmpyd_div.obj (.text:__c6xabi_frcmpyd_div)
                  f809c040    00000040                     : isinf.obj (.text:__c6xabi_isinf)
                  f809c080    00000040                     : _printfi.obj (.text:__c6xabi_isnan)
                  f809c0c0    00000040                     : llshift.obj (.text:__c6xabi_llshru)
                  f809c100    00000040                     : strasg.obj (.text:__strasgi_64plus)
                  f809c140    00000040                     : args_main.obj (.text:_args_main)
                  f809c180    00000040                     : sprintf.obj (.text:_outs)
                  f809c1c0    00000040     sysbios.lib : c62_TaskSupport_asm.obj (.text:_ti_sysbios_family_c62_TaskSupport_buildTaskStack)
                  f809c200    00000040                 : c64p_Hwi_asm_switch.obj (.text:_ti_sysbios_family_xxx_Hwi_switchToIsrStack)
                  f809c240    00000040     server_pe674.oe674 (.text:free)
                  f809c280    00000040     rman.ae674 : rman.oe674 (.text:freeInternalState)
                  f809c2c0    00000040     ce.ae674 : rms.oe674 (.text:getCpuStat)
                  f809c300    00000040              : rms.oe674 (.text:getNumRecs)
                  f809c340    00000040     loggers.ae674 : LoggerMFPNull.oe674 (.text)
                  f809c380    00000040     main.oe674 (.text)
                  f809c3c0    00000040     rman.ae674 : rman.oe674 (.text:myFree)
                  f809c400    00000040     ce.ae674 : Engine.oe674 (.text:name2Uuid)
                  f809c440    00000040     ipc_bios.ae674 : Processor_noOS.oe674 (.text:perCoreHeapId)
                  f809c480    00000040                    : Processor_noOS.oe674 (.text:perCoreMsgSize)
                  f809c4c0    00000040                    : Processor_noOS.oe674 (.text:perCoreNumMsgs)
                  f809c500    00000040                    : Processor_noOS.oe674 (.text:perCoreSharedRegionId)
                  f809c540    00000040                    : Processor_noOS.oe674 (.text:perCoreUserCreatedHeapFlag)
                  f809c580    00000040     sysbios.lib : BIOS.obj (.text:rtsLock$0)
                  f809c5c0    00000040     node.ae674 : node_crea.oe674 (.text:runStub)
                  f809c600    00000040     server_pe674.oe674 (.text:ti_sdo_ce_osal_Memory_cfgInit)
                  f809c640    00000040     ipc.lib : Ipc.obj (.text:ti_sdo_ipc_gates_GatePeterson_sharedMemReq__E)
                  f809c680    00000040             : Ipc.obj (.text:ti_sdo_ipc_nsremote_NameServerRemoteNotify_sharedMemReq__E)
                  f809c6c0    00000040     server_pe674.oe674 (.text:ti_sdo_utils_NameServer_Module__startupDone__F)
                  f809c700    00000040     server_pe674.oe674 (.text:ti_sdo_utils_NameServer_Object__get__S)
                  f809c740    00000040     server_pe674.oe674 (.text:ti_sysbios_BIOS_startFunc__I)
                  f809c780    00000040     server_pe674.oe674 (.text:ti_sysbios_family_c64p_Hwi_Module__startupDone__F)
                  f809c7c0    00000040     sysbios.lib : BIOS.obj (.text:ti_sysbios_family_c64p_Hwi_disableInterrupt__E)
                  f809c800    00000040                 : BIOS.obj (.text:ti_sysbios_family_c64p_Hwi_enableInterrupt__E)
                  f809c840    00000040     server_pe674.oe674 (.text:ti_sysbios_family_c64p_ti81xx_TimerSupport_Module__startupDone__F)
                  f809c880    00000040     sysbios.lib : BIOS.obj (.text:ti_sysbios_gates_GateMutexPri_Instance_init__F)
                  f809c8c0    00000040     server_pe674.oe674 (.text:ti_sysbios_gates_GateMutexPri_Object__destruct__S)
                  f809c900    00000040     sysbios.lib : BIOS.obj (.text:ti_sysbios_gates_GateMutex_leave__E)
                  f809c940    00000040     server_pe674.oe674 (.text:ti_sysbios_hal_Timer_Module__startupDone__F)
                  f809c980    00000040     server_pe674.oe674 (.text:ti_sysbios_heaps_HeapMem_Object__get__S)
                  f809c9c0    00000040     server_pe674.oe674 (.text:ti_sysbios_knl_Clock_Object__destruct__S)
                  f809ca00    00000040     server_pe674.oe674 (.text:ti_sysbios_knl_Semaphore_Object__destruct__S)
                  f809ca40    00000040     server_pe674.oe674 (.text:ti_sysbios_knl_Swi_Object__destruct__S)
                  f809ca80    00000040     server_pe674.oe674 (.text:ti_sysbios_knl_Swi_Object__get__S)
                  f809cac0    00000040     server_pe674.oe674 (.text:ti_sysbios_knl_Task_Object__get__S)
                  f809cb00    00000040     sysbios.lib : BIOS.obj (.text:ti_sysbios_syncs_SyncSem_Instance_finalize__F)
                  f809cb40    00000040     server_pe674.oe674 (.text:ti_sysbios_timers_dmtimer_Timer_Module__startupDone__F)
                  f809cb80    00000040     sysbios.lib : BIOS.obj (.text:ti_sysbios_xdcruntime_GateProcessSupport_Instance_init__F)
                  f809cbc0    00000040                 : BIOS.obj (.text:ti_sysbios_xdcruntime_GateThreadSupport_Instance_init__F)
                  f809cc00    00000040                 : BIOS.obj (.text:ti_sysbios_xdcruntime_SemProcessSupport_post__F)
                  f809cc40    00000040                 : BIOS.obj (.text:ti_sysbios_xdcruntime_SemThreadSupport_post__F)
                  f809cc80    00000040     ti.targets.rts6000.ae674 : Error.oe674 (.text:xdc_runtime_Error_check__F)
                  f809ccc0    00000040                              : Error.oe674 (.text:xdc_runtime_Error_init__F)
                  f809cd00    00000040                              : Memory.oe674 (.text:xdc_runtime_Memory_free__F)
                  f809cd40    00000040                              : Memory.oe674 (.text:xdc_runtime_Memory_getStats__F)
                  f809cd80    00000040                              : Registry.oe674 (.text:xdc_runtime_Registry_findById__F)
                  f809cdc0    00000040                              : System.oe674 (.text:xdc_runtime_System_abort__F)
                  f809ce00    00000040     server_pe674.oe674 (.text:xdc_runtime_System_aprintf__E)
                  f809ce40    00000040     server_pe674.oe674 (.text:xdc_runtime_System_printf__E)
                  f809ce80    00000040     ti.targets.rts6000.ae674 : Text.oe674 (.text:xdc_runtime_Text_matchRope__F)
                  f809cec0    00000040                              : Text.oe674 (.text:xdc_runtime_Text_ropeText__F)
                  f809cf00    00000040                              : GateProcess.oe674 (.text:xdc_runtime_knl_GateProcess_Instance_finalize__F)
                  f809cf40    00000040                              : GateThread.oe674 (.text:xdc_runtime_knl_GateThread_Instance_finalize__F)
                  f809cf80    00000040                              : GateThread.oe674 (.text:xdc_runtime_knl_GateThread_Instance_init__F)
                  f809cfc0    00000040                              : SemProcess.oe674 (.text:xdc_runtime_knl_SemProcess_Instance_finalize__F)
                  f809d000    00000040                              : SemThread.oe674 (.text:xdc_runtime_knl_SemThread_Instance_finalize__F)
                  f809d040    00000040                              : Thread.oe674 (.text:xdc_runtime_knl_Thread_Instance_finalize__F)
                  f809d080    00000040                              : Thread.oe674 (.text:xdc_runtime_knl_Thread_self__E)
                  f809d0c0    00000020     Algorithm_BIOS.ae674 : Algorithm_BIOS.oe674 (.text:Algorithm_getAlgHandle)
                  f809d0e0    00000020                          : Algorithm_BIOS.oe674 (.text:Algorithm_getMemRecs)
                  f809d100    00000020                          : Algorithm_BIOS.oe674 (.text:Algorithm_getNumRecs)
                  f809d120    00000020     ipc_bios.ae674 : Comm_BIOS.oe674 (.text:Comm_free)
                  f809d140    00000020                    : Comm_BIOS.oe674 (.text:Comm_getId)
                  f809d160    00000020                    : Comm_BIOS.oe674 (.text:Comm_getMsgSize)
                  f809d180    00000020                    : Comm_BIOS.oe674 (.text:Comm_getSendersId)
                  f809d1a0    00000020                    : Comm_BIOS.oe674 (.text:Comm_init)
                  f809d1c0    00000020                    : Comm_BIOS.oe674 (.text:Comm_locate)
                  f809d1e0    00000020                    : Comm_BIOS.oe674 (.text:Comm_put)
                  f809d200    00000020                    : Comm_BIOS.oe674 (.text:Comm_release)
                  f809d220    00000020                    : Comm_BIOS.oe674 (.text:Comm_setReplyToHandle)
                  f809d240    00000020                    : Comm_BIOS.oe674 (.text:Comm_staticMsgInit)
                  f809d260    00000020     server_pe674.oe674 (.text:DMAN3_CE_exit)
                  f809d280    00000020     server_pe674.oe674 (.text:DMAN3_CE_init)
[...]
f80d136c   ti_sysbios_utils_Load_Module__diagsMask__C
f80d1370   ti_sysbios_utils_Load_Module__loggerFxn1__C
f80d1374   ti_sysbios_utils_Load_Module__loggerFxn2__C
f80d1378   ti_sysbios_utils_Load_Module__loggerFxn4__C
f80d137c   ti_sysbios_utils_Load_Module__loggerObj__C
f80d1380   ti_sysbios_utils_Load_postUpdate__C
f80d1384   ti_sysbios_utils_Load_windowInMs__C
f80d1388   ti_sysbios_xdcruntime_GateProcessSupport_Instance_State_gate__O
f80d138c   ti_sysbios_xdcruntime_GateThreadSupport_Instance_State_gate__O
f80d1390   ti_sysbios_xdcruntime_SemProcessSupport_Instance_State_sem__O
f80d1394   ti_sysbios_xdcruntime_SemThreadSupport_Instance_State_sem__O
f80d1398   ti_sysbios_xdcruntime_ThreadSupport_E_priority__C
f80d139c   ti_sysbios_xdcruntime_ThreadSupport_Instance_State_join_sem__O
f80d13a0   ti_sysbios_xdcruntime_ThreadSupport_L_finish__C
f80d13a4   ti_sysbios_xdcruntime_ThreadSupport_L_join__C
f80d13a8   ti_sysbios_xdcruntime_ThreadSupport_L_start__C
f80d13ac   ti_sysbios_xdcruntime_ThreadSupport_Module__diagsEnabled__C
f80d13b0   ti_sysbios_xdcruntime_ThreadSupport_Module__diagsIncluded__C
f80d13b4   ti_sysbios_xdcruntime_ThreadSupport_Module__diagsMask__C
f80d13b8   ti_sysbios_xdcruntime_ThreadSupport_Module__loggerFxn1__C
f80d13bc   ti_sysbios_xdcruntime_ThreadSupport_Module__loggerObj__C
f80d13c0   ti_sysbios_xdcruntime_ThreadSupport_aboveNormalPriority__C
f80d13c4   ti_sysbios_xdcruntime_ThreadSupport_belowNormalPriority__C
f80d13c8   ti_sysbios_xdcruntime_ThreadSupport_highestPriority__C
f80d13cc   ti_sysbios_xdcruntime_ThreadSupport_lowestPriority__C
f80d13d0   ti_sysbios_xdcruntime_ThreadSupport_normalPriority__C
f80d13d4   xdc_runtime_Assert_E_assertFailed__C
f80d13d8   xdc_runtime_Core_A_initializedParams__C
f80d13dc   xdc_runtime_Core_Module__diagsEnabled__C
f80d13e0   xdc_runtime_Core_Module__diagsIncluded__C
f80d13e4   xdc_runtime_Core_Module__diagsMask__C
f80d13e8   xdc_runtime_Diags_dictBase__C
f80d13ec   xdc_runtime_Error_E_generic__C
f80d13f0   xdc_runtime_Error_E_memory__C
f80d13f4   xdc_runtime_Error_Module__diagsEnabled__C
f80d13f8   xdc_runtime_Error_Module__diagsIncluded__C
f80d13fc   xdc_runtime_Error_Module__diagsMask__C
f80d1400   xdc_runtime_Error_Module__loggerFxn8__C
f80d1404   xdc_runtime_Error_Module__loggerObj__C
f80d1408   xdc_runtime_Error_policy__C
f80d140c   xdc_runtime_Error_raiseHook__C
f80d1410   xdc_runtime_IGateProvider_Interface__BASE__C
f80d1414   xdc_runtime_IHeap_Interface__BASE__C
f80d1418   xdc_runtime_IModule_Interface__BASE__C
f80d141c   xdc_runtime_Log_L_error__C
f80d1420   xdc_runtime_Main_Module__diagsEnabled__C
f80d1424   xdc_runtime_Main_Module__diagsIncluded__C
f80d1428   xdc_runtime_Main_Module__diagsMask__C
f80d142c   xdc_runtime_Memory_defaultHeapInstance__C
f80d1430   xdc_runtime_Registry_Module__diagsEnabled__C
f80d1434   xdc_runtime_Registry_Module__diagsIncluded__C
f80d1438   xdc_runtime_Registry_Module__diagsMask__C
f80d143c   xdc_runtime_Registry_Module__loggerFxn1__C
f80d1440   xdc_runtime_Registry_Module__loggerFxn2__C
f80d1444   xdc_runtime_Registry_Module__loggerFxn4__C
f80d1448   xdc_runtime_Registry_Module__loggerFxn8__C
f80d144c   xdc_runtime_Registry_Module__loggerObj__C
f80d1450   xdc_runtime_Startup_execImpl__C
f80d1454   xdc_runtime_Startup_maxPasses__C
f80d1458   xdc_runtime_Startup_lastFxns__A
f80d145c   xdc_runtime_Startup_sfxnRts__C
f80d1460   xdc_runtime_Startup_sfxnTab__C
f80d1464   xdc_runtime_SysMin_bufSize__C
f80d1468   xdc_runtime_SysMin_outputFunc__C
f80d146c   xdc_runtime_System_Module__gateObj__C
f80d1470   xdc_runtime_System_extendFxn__C
f80d1474   xdc_runtime_System_maxAtexitHandlers__C
f80d1478   xdc_runtime_Text_charTab__C
f80d147c   xdc_runtime_Text_nameEmpty__C
f80d1480   xdc_runtime_Text_nameStatic__C
f80d1484   xdc_runtime_Text_nameUnknown__C
f80d1488   xdc_runtime_Text_nodeTab__C
f80d148c   xdc_runtime_Text_visitRopeFxn__C
f80d1490   xdc_runtime_knl_GateProcess_A_invalidKey__C
f80d1494   xdc_runtime_knl_GateProcess_Module__diagsEnabled__C
f80d1498   xdc_runtime_knl_GateProcess_Module__diagsIncluded__C
f80d149c   xdc_runtime_knl_GateProcess_Module__diagsMask__C
f80d14a0   xdc_runtime_knl_ISemaphore_Interface__BASE__C
f80d14a4   xdc_runtime_knl_ISync_Interface__BASE__C
f80d14a8   xdc_runtime_knl_Thread_defaultStackSize__C
f80d14ac   ti_sdo_ipc_GateMP_Module__id__C
f80d14b0   ti_sdo_ipc_GateMP_Module__loggerDefined__C
f80d14b4   ti_sdo_ipc_Ipc_Module__id__C
f80d14b8   ti_sdo_ipc_Ipc_generateSlaveDataForHost__C
f80d14bc   ti_sdo_ipc_ListMP_Module__id__C
f80d14c0   ti_sdo_ipc_MessageQ_Module__id__C
f80d14c4   ti_sdo_ipc_MessageQ_Module__loggerDefined__C
f80d14c8   ti_sdo_ipc_Notify_Module__id__C
f80d14cc   ti_sdo_ipc_Notify_numLines__C
f80d14d0   ti_sdo_ipc_Notify_reservedEvents__C
f80d14d4   ti_sdo_ipc_SharedRegion_Module__id__C
f80d14d8   ti_sdo_ipc_SharedRegion_numEntries__C
f80d14dc   ti_sdo_ipc_SharedRegion_translate__C
f80d14e0   ti_sdo_ipc_family_ti81xx_InterruptDsp_Module__id__C
f80d14e4   ti_sdo_ipc_gates_GateHWSpinlock_Module__id__C
f80d14e8   ti_sdo_ipc_gates_GateHWSpinlock_Module__loggerDefined__C
f80d14ec   ti_sdo_ipc_gates_GateMPSupportNull_Module__id__C
f80d14f0   ti_sdo_ipc_gates_GatePeterson_Module__id__C
f80d14f4   ti_sdo_ipc_heaps_HeapBufMP_Module__id__C
f80d14f8   ti_sdo_ipc_heaps_HeapBufMP_trackAllocs__C
f80d14fc   ti_sdo_ipc_heaps_HeapMemMP_Module__id__C
f80d1500   ti_sdo_ipc_notifyDrivers_NotifyDriverShm_Module__id__C
f80d1504   ti_sdo_ipc_nsremote_NameServerRemoteNotify_Module__id__C
f80d1508   ti_sdo_ipc_transports_TransportShm_Module__id__C
f80d150c   ti_sdo_ipc_transports_TransportShm_notifyEventId__C
f80d1510   ti_sdo_utils_MultiProc_Module__id__C
f80d1514   ti_sdo_utils_MultiProc_numProcessors__C
f80d1518   ti_sdo_utils_MultiProc_numProcsInCluster__C
f80d151c   ti_sdo_utils_NameServer_Module__id__C
f80d1520   ti_sdo_utils_NameServer_singleProcessor__C
f80d1524   ti_sysbios_BIOS_Module__id__C
f80d1528   ti_sysbios_family_c64p_Exception_Module__id__C
f80d152c   ti_sysbios_family_c64p_Hwi_Module__id__C
f80d1530   ti_sysbios_family_c64p_Hwi_Module__loggerDefined__C
f80d1534   ti_sysbios_gates_GateMutexPri_Module__id__C
f80d1538   ti_sysbios_gates_GateMutex_Module__id__C
f80d153c   ti_sysbios_gates_GateSwi_Module__id__C
f80d1540   ti_sysbios_hal_Hwi_Module__id__C
f80d1544   ti_sysbios_heaps_HeapMem_Module__id__C
f80d1548   ti_sysbios_knl_Clock_Module__id__C
f80d154c   ti_sysbios_knl_Clock_Module__loggerDefined__C
f80d1550   ti_sysbios_knl_Semaphore_Module__id__C
f80d1554   ti_sysbios_knl_Semaphore_Module__loggerDefined__C
f80d1558   ti_sysbios_knl_Swi_Module__id__C
f80d155c   ti_sysbios_knl_Swi_Module__loggerDefined__C
f80d1560   ti_sysbios_knl_Task_Module__id__C
f80d1564   ti_sysbios_knl_Task_Module__loggerDefined__C
f80d1568   ti_sysbios_knl_Task_deleteTerminatedTasks__C
f80d156c   ti_sysbios_knl_Task_initStackFlag__C
f80d1570   ti_sysbios_syncs_SyncSem_Module__id__C
f80d1574   ti_sysbios_timers_dmtimer_Timer_Module__id__C
f80d1578   ti_sysbios_timers_dmtimer_Timer_checkFrequency__C
f80d157c   ti_sysbios_timers_dmtimer_Timer_startupNeeded__C
f80d1580   ti_sysbios_utils_Load_Module__id__C
f80d1584   ti_sysbios_utils_Load_Module__loggerDefined__C
f80d1588   ti_sysbios_utils_Load_autoAddTasks__C
f80d158c   ti_sysbios_utils_Load_hwiEnabled__C
f80d1590   ti_sysbios_utils_Load_swiEnabled__C
f80d1594   ti_sysbios_utils_Load_taskEnabled__C
f80d1598   ti_sysbios_utils_Load_updateInIdle__C
f80d159c   ti_sysbios_xdcruntime_ThreadSupport_Module__id__C
f80d15a0   ti_sysbios_xdcruntime_ThreadSupport_Module__loggerDefined__C
f80d15a4   xdc_runtime_Core_Module__id__C
f80d15a8   xdc_runtime_Diags_setMaskEnabled__C
f80d15ac   xdc_runtime_Error_Module__loggerDefined__C
f80d15b0   xdc_runtime_Error_maxDepth__C
f80d15b4   xdc_runtime_Main_Module__id__C
f80d15b8   xdc_runtime_Memory_Module__id__C
f80d15bc   xdc_runtime_Registry_Module__loggerDefined__C
f80d15c0   xdc_runtime_SysMin_flushAtExit__C
f80d15c4   xdc_runtime_Text_charCnt__C
f80d15c8   xdc_runtime_Text_isLoaded__C
f80d15cc   xdc_runtime_Text_registryModsLastId__C
f80d15d0   xdc_runtime_Text_unnamedModsLastId__C
f80d15d4   xdc_runtime_knl_GateProcess_Module__id__C
f80d15d8   ti_sdo_utils_NameServer_Module_State_0_nsRemoteHandle__A
f80d15e8   ti_sysbios_knl_Task_Instance_State_0_hookEnv__A
f80d15f0   xdc_runtime_SysMin_Module_State_0_outbuf__A
f80d19f0   RMAN_TABLE
f80d1a20   RMAN_FREE_ENTRIES
f80d1a48   Global_traceBuffer
f80d9a48   ti_sdo_ce_osal_Memory_heapList
f80d9a58   ti_sysbios_knl_Task_Instance_State_0_stack__A
f80da658   _tmpnams
f80da908   ti_sdo_ce_rms_desc
f80da958   ti_sdo_fc_rman_desc
f80da964   ti_sdo_ce_Engine_desc
f80da988   _DSKT2_scratchDescTbl
f80da990   ti_sdo_fc_dskt2_desc
f80da9a4   ti_sdo_fc_ires_nullres_desc
f80da9b0   ti_sdo_ce_algorithm_desc
f80da9bc   ti_sdo_ce_utils_xdm_desc
f80da9c8   ti_sdo_ce_Server_desc
f80da9d4   ti_sdo_ce_visa_desc
f80da9e0   ti_sdo_ce_settings_desc
f80da9ec   ti_sdo_fc_settings_desc
f80da9f8   ti_sdo_ce_image1_imgenc1_desc
f80daa04   ti_sdo_ce_ipc_processor_desc
f80daa10   ti_sdo_ce_node_desc
f80daa1c   ti_sdo_ce_osal_Global_desc
f80daa28   ti_sdo_ce_osal_Loader_desc
f80daa34   ti_sdo_ce_osal_Memory_desc
f80daa40   ti_sdo_ipc_GateMP_Module_State_0_remoteCustom1Gates__A
f80db240   Engine_config
f80db254   RMS_config
f80db260   dsp_vrmcodec_VRMCODEC_codecClassConfig
f80db2a0   DSKT2_cacheWBInvFxn
f80db2a4   _DSKT2_ALLOW_EXTERNAL_SCRATCH
f80db2a8   ti_sdo_fc_dskt2_DSKT2_disableLazyDeactivate
f80db2aa   RMAN_numRegistryEntries
f80db2ac   RMAN_registryEntries
f80db2b0   RMAN_registryResmanArgs
f80db2b4   ti_sdo_fc_rman_RMAN_MAXALGS
f80db2b8   RMAN_PARAMS
f80db2cc   NODE_config
f80db2d8   ti_sdo_ce_utils_syscbuf_SysCBuf_Module__state__V
f80db2e8   ti_sdo_ipc_GateMP_Module__root__V
f80db2f0   ti_sdo_ipc_GateMP_Module__state__V
f80db338   ti_sdo_ipc_Ipc_Module__state__V
f80db344   ti_sdo_ipc_ListMP_Module__root__V
f80db34c   ti_sdo_ipc_ListMP_Module__state__V
f80db350   ti_sdo_ipc_MessageQ_Module__root__V
f80db358   ti_sdo_ipc_MessageQ_Module__state__V
f80db374   ti_sdo_ipc_Notify_Module__root__V
f80db37c   ti_sdo_ipc_Notify_Module__state__V
f80db384   ti_sdo_ipc_SharedRegion_Module__state__V
f80db388   ti_sdo_ipc_family_ti81xx_InterruptDsp_Module__state__V
f80db3a4   ti_sdo_ipc_gates_GateHWSpinlock_Module__root__V
f80db3ac   ti_sdo_ipc_gates_GateMPSupportNull_Module__root__V
f80db3b4   ti_sdo_ipc_gates_GatePeterson_Module__root__V
f80db3bc   ti_sdo_ipc_heaps_HeapBufMP_Module__root__V
f80db3c4   ti_sdo_ipc_heaps_HeapBufMP_Module__state__V
f80db3c8   ti_sdo_ipc_heaps_HeapMemMP_Module__root__V
f80db3d0   ti_sdo_ipc_heaps_HeapMemMP_Module__state__V
f80db3d4   ti_sdo_ipc_notifyDrivers_NotifyDriverShm_Module__root__V
f80db3dc   ti_sdo_ipc_nsremote_NameServerRemoteNotify_Module__root__V
f80db3e4   ti_sdo_ipc_transports_TransportShm_Module__root__V
f80db3ec   ti_sdo_ipc_transports_TransportShmSetup_Module__state__V
f80db3f0   ti_sdo_utils_List_Module__root__V
f80db3f8   ti_sdo_utils_MultiProc_Module__state__V
f80db3fc   ti_sdo_utils_NameServer_Module__root__V
f80db404   ti_sdo_utils_NameServer_Module__state__V
f80db40c   ti_sdo_utils_NameServerRemoteNull_Module__root__V
f80db414   ti_sdo_utils_loggers_LoggerMFPNull_Module__root__V
f80db41c   ti_sysbios_BIOS_Module__state__V
f80db438   ti_sysbios_family_c64p_Cache_Module__state__V
f80db43c   ti_sysbios_family_c64p_Exception_Module__state__V
f80db468   ti_sysbios_family_c64p_Hwi_Module__root__V
f80db470   ti_sysbios_family_c64p_Hwi_Module__state__V
f80db4d8   ti_sysbios_gates_GateAll_Module__root__V
f80db4e0   ti_sysbios_gates_GateHwi_Module__root__V
f80db4e8   ti_sysbios_gates_GateMutex_Module__root__V
f80db4f0   ti_sysbios_gates_GateMutexPri_Module__root__V
f80db4f8   ti_sysbios_gates_GateSwi_Module__root__V
f80db500   ti_sysbios_hal_Hwi_Module__root__V
f80db508   ti_sysbios_hal_Timer_Module__root__V
f80db510   ti_sysbios_heaps_HeapMem_Module__root__V
f80db518   ti_sysbios_knl_Clock_Module__root__V
f80db520   ti_sysbios_knl_Clock_Module__state__V
f80db54c   ti_sysbios_knl_Queue_Module__root__V
f80db554   ti_sysbios_knl_Semaphore_Module__root__V
f80db55c   ti_sysbios_knl_Swi_Module__root__V
f80db564   ti_sysbios_knl_Swi_Module__state__V
f80db580   ti_sysbios_knl_Task_Module__root__V
f80db588   ti_sysbios_knl_Task_Module__state__V
f80db5bc   ti_sysbios_syncs_SyncSem_Module__root__V
f80db5c4   ti_sysbios_timers_dmtimer_Timer_Module__root__V
f80db5cc   ti_sysbios_timers_dmtimer_Timer_Module__state__V
f80db5e4   ti_sysbios_utils_Load_Module__state__V
f80db680   ti_sysbios_xdcruntime_GateProcessSupport_Module__root__V
f80db688   ti_sysbios_xdcruntime_GateThreadSupport_Module__root__V
f80db690   ti_sysbios_xdcruntime_SemProcessSupport_Module__root__V
f80db698   ti_sysbios_xdcruntime_SemThreadSupport_Module__root__V
f80db6a0   ti_sysbios_xdcruntime_ThreadSupport_Module__root__V
f80db6a8   xdc_runtime_Error_Module__state__V
f80db6ac   xdc_runtime_GateNull_Module__root__V
f80db6b4   xdc_runtime_Memory_Module__state__V
f80db6b8   xdc_runtime_Registry_Module__state__V
f80db6c0   xdc_runtime_Startup_Module__state__V
f80db6c8   xdc_runtime_SysMin_Module__state__V
f80db6d4   xdc_runtime_System_Module__state__V
f80db6e0   xdc_runtime_Text_Module__state__V
f80db6e8   xdc_runtime_knl_GateProcess_Module__root__V
f80db6f0   xdc_runtime_knl_GateThread_Module__root__V
f80db6f8   xdc_runtime_knl_SemProcess_Module__root__V
f80db700   xdc_runtime_knl_SemThread_Module__root__V
f80db708   xdc_runtime_knl_Thread_Module__root__V
f80db710   __xdc__init__addr
f80db714   _ft_end
f80db718   _ftable
f80db8f8   ti_sdo_utils_NameServer_Object__table__V
f80dba10   ti_sdo_ipc_GateMP_Module_State_0_remoteSystemGates__A
f80dbb10   Global_buildInfo
f80dbd48   ti_sdo_ipc_SharedRegion_Module_State_0_regions__A
f80dbdd8   ti_sysbios_knl_Swi_Module_State_0_readyQ__A
f80dbe58   ti_sysbios_knl_Task_Module_State_0_readyQ__A
f80dbfb0   ti_sysbios_timers_dmtimer_Timer_Object__table__V
f80dc008   _DSKT2_DARAM_SCRATCH_SIZES
f80dc058   _DSKT2_SARAM_SCRATCH_SIZES
f80dc0a8   ti_sdo_ipc_Ipc_Module_State_0_procEntry__A
f80dc0f8   TSK_idle
f80dc0f8   ti_sysbios_knl_Task_Object__table__V
f80dc13c   VRMCODEC_IALG
f80dc13c   VRMCODEC_IVRMCODEC
f80dc168   VRMCODEC_PARAMS
f80dc180   ti_sysbios_gates_GateMutex_Object__table__V
f80dc1c0   ti_sysbios_heaps_HeapMem_Object__table__V
f80dc200   ti_sysbios_timers_dmtimer_Timer_Module_State_0_device__A
f80dc240   RMS_nodeTab
f80dc2b0   ti_sysbios_knl_Swi_Object__table__V
f80dc2ec   IRESMAN_NULLRES
f80dc308   ti_sdo_ipc_MessageQ_Module_State_0_heaps__A
f80dc328   ti_sdo_ipc_MessageQ_Module_State_0_transports__A
f80dc348   xdc_runtime_System_Module_State_0_atexitHandlers__A
f80dc368   ti_sysbios_family_c64p_Hwi_Object__table__V
f80dc380   ti_sysbios_gates_GateMutexPri_Object__table__V
f80dc398   ti_sysbios_timers_dmtimer_Timer_Module_State_0_handles__A
f80dc3ac   Processor_ATTRS
f80dc3bc   ti_sdo_ce_osal_Memory_DEFAULTPARAMS
f80dc3d0   ti_sdo_ce_ipc_bios__Processor_commDescs
f80dc3e0   ti_sdo_ipc_Notify_Module_State_0_notifyHandles__A
f80dc3f0   ti_sdo_ipc_transports_TransportShmSetup_Module_State_0_handles__A
f80dc400   ti_sysbios_gates_GateAll_Object__table__V
f80dc410   Engine_ALGCREATEATTRS
f80dc418   Engine_ATTRS
f80dc41c   IMGENC1_SKEL
f80dc428   Comm_ATTRS
f80dc434   NODE_ATTRS
f80dc440   _cleanup_ptr
f80dc444   _dtors_ptr
f80dc448   __TI_enable_exit_profile_output
f80dc450   ti_sdo_ce_osal_Memory_heapNames
f80dc460   ti_sysbios_gates_GateSwi_Object__table__V
f80dc478   DSKT2_ALGATTRS
f80dc480   _lock
f80dc484   _unlock
f80dc488   ti_sysbios_hal_Hwi_Object__table__V
f80dc490   ti_sysbios_hal_Timer_Object__table__V
f80dc4a0   ti_sdo_ipc_GateMP_Module_State_0_remoteCustom2Gates__A
f80dc4a8   ti_sdo_ipc_Notify_Module_State_0_notifyHandles_0__A
f80dc4b0   ti_sdo_ipc_Notify_Module_State_0_notifyHandles_1__A
f80dc4b8   ti_sdo_ipc_Notify_Module_State_0_notifyHandles_2__A
f80dc4c0   ti_sdo_ipc_Notify_Module_State_0_notifyHandles_3__A
f80dc4c8   ti_sysbios_gates_GateHwi_Object__table__V
f80dc4d0   xdc_runtime_GateNull_Object__table__V
f80dc4d8   ti_sdo_ce_osal_bios_Global_CE_CHECK
f80dc4e0   ti_sdo_ce_osal_bios_Global_CE_DEBUG
f80dc4e8   _stack
f80dd4e8   __TI_STACK_END
f80dd800   ti_sysbios_family_c64p_Hwi0
f80dd820   ti_sysbios_family_c64p_Hwi1
f80dd840   ti_sysbios_family_c64p_Hwi2
f80dd860   ti_sysbios_family_c64p_Hwi3
f80dd880   ti_sysbios_family_c64p_Hwi4
f80dd8a0   ti_sysbios_family_c64p_Hwi5
f80dd8c0   ti_sysbios_family_c64p_Hwi6
f80dd8e0   ti_sysbios_family_c64p_Hwi7
f80dd900   ti_sysbios_family_c64p_Hwi8
f80dd920   ti_sysbios_family_c64p_Hwi9
f80dd940   ti_sysbios_family_c64p_Hwi10
f80dd960   ti_sysbios_family_c64p_Hwi11
f80dd980   ti_sysbios_family_c64p_Hwi12
f80dd9a0   ti_sysbios_family_c64p_Hwi13
f80dd9c0   ti_sysbios_family_c64p_Hwi14
f80dd9e0   ti_sysbios_family_c64p_Hwi15
f80ddab0   __TI_STATIC_BASE
f80ddab4   DSKT2_allowExternalScratch
f80ddab8   Memory_skipVirtualAddressTranslation
f80ddaba   ti_sdo_ce_Engine_initFromServer
f80ddabc   ti_sdo_ce_Server_skelCachingPolicy
f80ddac0   Global_useLinkArbiter
f80ddac8   VISA_checked
f80ddacc   _DSKT2_ipcKeyBase
f80ddad0   DSKT2_daram0Heap
f80ddad4   DSKT2_daram1Heap
f80ddad8   DSKT2_daram2Heap
f80ddadc   DSKT2_saram0Heap
f80ddae0   DSKT2_saram1Heap
f80ddae4   DSKT2_saram2Heap
f80ddae8   DSKT2_iprogHeap
f80ddaec   DSKT2_eprogHeap
f80ddaf0   DSKT2_esdataHeap
f80ddaf4   _DSKT2_heap
f80ddaf8   ti_sdo_fc_rman_RMAN_ipcKey
f80ddafc   ti_sdo_fc_rman_RMAN_setYieldArgs
f80ddb00   ti_sdo_fc_multiProcess
f80ddb02   ti_sdo_fc_useDNUM
f80ddb04   ti_sdo_fc_useL3MemoryMap
f80ddb08   NODE
f80ddb0c   ti_sdo_ce_ipc_bios_manageIpc
f80ddb10   Comm_MSGSIZE
f80ddb14   Comm_NUMMSGS
f80ddb18   ti_sdo_ce_ipc_bios__Processor_defaultSharedRegionId
f80ddb1a   ti_sdo_ce_ipc_bios__Processor_defaultHeapId
f80ddb1c   ti_sdo_ce_ipc_bios__Processor_defaultNumMsgs
f80ddb20   ti_sdo_ce_ipc_bios__Processor_defaultMsgSize
f80ddb24   ti_sdo_ce_ipc_bios__Processor_numCommDescs
f80ddb28   ti_sdo_ce_alg_Algorithm_useHeap
f80ddb2a   ti_sdo_ce_alg_Algorithm_useCache
f80ddb2c   ti_sdo_ce_alg_Algorithm_MAXGROUPID
f80ddb30   ti_sdo_ce_alg_Algorithm_ipcKey
f80ddb34   Syslink_terminateEventId
f80ddb38   Syslink_terminateEventLineId
f80ddb3c   Global_traceBufferSize
f80ddb40   ti_sdo_ce_osal_Memory_numHeaps
f80ddb48   ti_sdo_ce__versionString
f80ddb54   Engine_alwaysCollectDspTrace
f80ddb58   Engine_ceDebugDspTraceMask
f80ddb70   _DSKT2_memTabList
f80ddb74   _DSKT2_activeAlg
f80ddb78   _DSKT2_lastActiveAlg
f80ddb7c   _DSKT2_scratchShareRefCount
f80ddb80   _DSKT2_createCallbackFxn
f80ddb84   _DSKT2_NumYielded
f80ddb88   _DSKT2_yielded
f80ddb8c   _DSKT2_initialized
f80ddb94   _DSKT2_gate
f80ddbf4   _ZN26VipImageConverterFunctions19sm_effective_flip_hE
f80ddbf5   _ZN26VipImageConverterFunctions19sm_effective_flip_vE
f80ddc2c   Server_holdingTraceToken
f80ddc34   ti_sdo_fc_dskt2_DSKT2_convertAddr
f80ddc38   _DSKT2_algReferenceCount
f80ddc64   __CIOBUF_
f80de000   _Ipc_ResetVector
f80de008   Ipc_sr0MemorySetup
ffffffff   __TI_pprof_out_hndl
ffffffff   __TI_prof_data_size
ffffffff   __TI_prof_data_start
ffffffff   __binit__
ffffffff   __c_args__
ffffffff   binit

[3678 symbols]


DYNAMIC SYMBOLS: SORTED ALPHABETICALLY BY Name 

address    name
--------   ----
UNDEFED    
f80dc0f8   TSK_idle
f80de000   _Ipc_ResetVector
f80dd4e8   __TI_STACK_END
00001000   __TI_STACK_SIZE
f80ddab0   __TI_STATIC_BASE
ffffffff   __TI_pprof_out_hndl
ffffffff   __TI_prof_data_size
ffffffff   __TI_prof_data_start
ffffffff   __binit__
ffffffff   __c_args__
00000000   _argsize
ffffffff   binit
00000001   xdc_runtime_Startup__EXECFXN__C
00000001   xdc_runtime_Startup__RESETFXN__C

[15 symbols]


IMPORTED and EXPORTED SYMBOLS: SORTED ALPHABETICALLY BY Name 

IMPORTED SYMBOLS

name                           size      Imported from
-----------------------------  --------  -------------

[0 symbols]


EXPORTED SYMBOLS

address    name
--------   ----
f80de000   _Ipc_ResetVector
